Archive member included to satisfy reference by file (symbol)

/home/hfut/phytium-pi-os/output/build/phytium-optee-v4.6.0/out/data/link/export-ta_arm64/lib/libutils.a(stack_check.o)
                              ./media_crypto_ta.o (__stack_chk_guard)
/home/hfut/phytium-pi-os/output/build/phytium-optee-v4.6.0/out/data/link/export-ta_arm64/lib/libutils.a(trace.o)
                              /home/hfut/phytium-pi-os/output/build/phytium-optee-v4.6.0/out/data/link/export-ta_arm64/lib/libutils.a(stack_check.o) (trace_printf)
/home/hfut/phytium-pi-os/output/build/phytium-optee-v4.6.0/out/data/link/export-ta_arm64/lib/libutils.a(snprintk.o)
                              /home/hfut/phytium-pi-os/output/build/phytium-optee-v4.6.0/out/data/link/export-ta_arm64/lib/libutils.a(trace.o) (snprintk)
/home/hfut/phytium-pi-os/output/build/phytium-optee-v4.6.0/out/data/link/export-ta_arm64/lib/libutils.a(memchr.o)
                              /home/hfut/phytium-pi-os/output/build/phytium-optee-v4.6.0/out/data/link/export-ta_arm64/lib/libutils.a(snprintk.o) (memchr)
/home/hfut/phytium-pi-os/output/build/phytium-optee-v4.6.0/out/data/link/export-ta_arm64/lib/libutils.a(strlen.o)
                              /home/hfut/phytium-pi-os/output/build/phytium-optee-v4.6.0/out/data/link/export-ta_arm64/lib/libutils.a(snprintk.o) (strlen)
/home/hfut/phytium-pi-os/output/build/phytium-optee-v4.6.0/out/data/link/export-ta_arm64/lib/libutee.a(trace_ext.o)
                              /home/hfut/phytium-pi-os/output/build/phytium-optee-v4.6.0/out/data/link/export-ta_arm64/lib/libutils.a(trace.o) (trace_ext_puts)
/home/hfut/phytium-pi-os/output/build/phytium-optee-v4.6.0/out/data/link/export-ta_arm64/lib/libutee.a(tee_api.o)
                              ./media_crypto_ta.o (TEE_MemMove)
/home/hfut/phytium-pi-os/output/build/phytium-optee-v4.6.0/out/data/link/export-ta_arm64/lib/libutee.a(tee_api_objects.o)
                              ./media_crypto_ta.o (TEE_CloseObject)
/home/hfut/phytium-pi-os/output/build/phytium-optee-v4.6.0/out/data/link/export-ta_arm64/lib/libutee.a(tee_api_operations.o)
                              ./media_crypto_ta.o (TEE_AllocateOperation)
/home/hfut/phytium-pi-os/output/build/phytium-optee-v4.6.0/out/data/link/export-ta_arm64/lib/libutee.a(tee_api_panic.o)
                              /home/hfut/phytium-pi-os/output/build/phytium-optee-v4.6.0/out/data/link/export-ta_arm64/lib/libutee.a(tee_api.o) (TEE_Panic)
/home/hfut/phytium-pi-os/output/build/phytium-optee-v4.6.0/out/data/link/export-ta_arm64/lib/libutee.a(tee_system_pta.o)
                              /home/hfut/phytium-pi-os/output/build/phytium-optee-v4.6.0/out/data/link/export-ta_arm64/lib/libutee.a(tee_api.o) (tee_map_zi)
/home/hfut/phytium-pi-os/output/build/phytium-optee-v4.6.0/out/data/link/export-ta_arm64/lib/libutee.a(user_ta_entry.o)
                              /home/hfut/phytium-pi-os/output/build/phytium-optee-v4.6.0/out/data/link/export-ta_arm64/lib/libutee.a(tee_api.o) (ta_param_types)
/home/hfut/phytium-pi-os/output/build/phytium-optee-v4.6.0/out/data/link/export-ta_arm64/lib/libutee.a(utee_syscalls_a64.o)
                              /home/hfut/phytium-pi-os/output/build/phytium-optee-v4.6.0/out/data/link/export-ta_arm64/lib/libutils.a(stack_check.o) (_utee_panic)
/home/hfut/phytium-pi-os/output/build/phytium-optee-v4.6.0/out/data/link/export-ta_arm64/lib/libutee.a(abort.o)
                              /home/hfut/phytium-pi-os/output/build/phytium-optee-v4.6.0/out/data/link/export-ta_arm64/lib/libutee.a(user_ta_entry.o) (abort)
/home/hfut/phytium-pi-os/output/build/phytium-optee-v4.6.0/out/data/link/export-ta_arm64/lib/libutee.a(assert.o)
                              /home/hfut/phytium-pi-os/output/build/phytium-optee-v4.6.0/out/data/link/export-ta_arm64/lib/libutee.a(tee_api_operations.o) (_assert_log)
/home/hfut/phytium-pi-os/output/build/phytium-optee-v4.6.0/out/data/link/export-ta_arm64/lib/libutee.a(tee_api_arith_mpi.o)
                              /home/hfut/phytium-pi-os/output/build/phytium-optee-v4.6.0/out/data/link/export-ta_arm64/lib/libutee.a(user_ta_entry.o) (_TEE_MathAPI_Init)
/home/hfut/phytium-pi-os/output/build/phytium-optee-v4.6.0/out/data/link/export-ta_arm64/lib/libutee.a(tee_api_property.o)
                              /home/hfut/phytium-pi-os/output/build/phytium-optee-v4.6.0/out/data/link/export-ta_arm64/lib/libutee.a(user_ta_entry.o) (TEE_GetPropertyAsU32)
/home/hfut/phytium-pi-os/output/build/phytium-optee-v4.6.0/out/data/link/export-ta_arm64/lib/libutee.a(tcb.o)
                              /home/hfut/phytium-pi-os/output/build/phytium-optee-v4.6.0/out/data/link/export-ta_arm64/lib/libutee.a(user_ta_entry.o) (__utee_tcb_init)
/home/hfut/phytium-pi-os/output/build/phytium-optee-v4.6.0/out/data/link/export-ta_arm64/lib/libutee.a(base64.o)
[...]
Memory Configuration

Name             Origin             Length             Attributes
*default*        0x0000000000000000 0xffffffffffffffff

Linker script and memory map


.text           0x0000000000000000    0x2159c
                0x0000000000000000                __text_start = .
 *(SORT_BY_ALIGNMENT(.text) SORT_BY_ALIGNMENT(.text.*))
 .text          0x0000000000000000      0xbf0 ./media_crypto_ta.o
                0x0000000000000214                TA_CreateEntryPoint
                0x000000000000021c                TA_DestroyEntryPoint
                0x0000000000000224                TA_OpenSessionEntryPoint
                0x00000000000002b4                TA_CloseSessionEntryPoint
                0x0000000000000a48                TA_InvokeCommandEntryPoint
 .text          0x0000000000000bf0       0x5c ./user_ta_header.o
                0x0000000000000bf0                __ta_entry
                0x0000000000000c44                tahead_get_trace_level
 .text          0x0000000000000c4c       0x30 /home/hfut/phytium-pi-os/output/build/phytium-optee-v4.6.0/out/data/link/export-ta_arm64/lib/libutils.a(stack_check.o)
                0x0000000000000c4c                __stack_chk_fail
 .text          0x0000000000000c7c      0x64c /home/hfut/phytium-pi-os/output/build/phytium-optee-v4.6.0/out/data/link/export-ta_arm64/lib/libutils.a(trace.o)
                0x0000000000000c7c                trace_set_level
                0x0000000000000cd0                trace_get_level
                0x0000000000000de8                trace_printf
                0x0000000000000ed8                trace_vprintf
                0x00000000000012a4                dhex_dump
 .text          0x00000000000012c8     0x2010 /home/hfut/phytium-pi-os/output/build/phytium-optee-v4.6.0/out/data/link/export-ta_arm64/lib/libutils.a(snprintk.o)
                0x00000000000012c8                snprintk
                0x00000000000013bc                vsnprintk
                0x0000000000001420                __vsnprintf
                0x0000000000001534                __vsprintf
 .text          0x00000000000032d8      0x1b8 /home/hfut/phytium-pi-os/output/build/phytium-optee-v4.6.0/out/data/link/export-ta_arm64/lib/libutils.a(memchr.o)
                0x00000000000032d8                memchr
 .text          0x0000000000003490       0xd4 /home/hfut/phytium-pi-os/output/build/phytium-optee-v4.6.0/out/data/link/export-ta_arm64/lib/libutils.a(strlen.o)
                0x0000000000003490                strlen
 .text          0x0000000000003564      0x214 /home/hfut/phytium-pi-os/output/build/phytium-optee-v4.6.0/out/data/link/export-ta_arm64/lib/libutee.a(trace_ext.o)
                0x0000000000003564                trace_ext_puts
                0x0000000000003590                trace_ext_get_thread_id
                0x0000000000003598                printf
                0x00000000000036c4                puts
                0x00000000000036fc                putchar
 .text          0x0000000000003778     0x1d08 /home/hfut/phytium-pi-os/output/build/phytium-optee-v4.6.0/out/data/link/export-ta_arm64/lib/libutee.a(tee_api.o)
                0x00000000000043d8                TEE_OpenTASession
                0x0000000000004574                __GP11_TEE_OpenTASession
                0x0000000000004704                TEE_CloseTASession
                0x0000000000004748                TEE_InvokeTACommand
                0x0000000000004924                __GP11_TEE_InvokeTACommand
                0x0000000000004af4                TEE_GetCancellationFlag
                0x0000000000004b6c                TEE_UnmaskCancellation
                0x0000000000004be8                TEE_MaskCancellation
                0x0000000000004c64                TEE_CheckMemoryAccessRights
                0x0000000000004d2c                __GP11_TEE_CheckMemoryAccessRights
                0x0000000000004d5c                TEE_SetInstanceData
                0x0000000000004d80                TEE_GetInstanceData
                0x0000000000004d90                TEE_MemMove
                0x0000000000004dbc                __GP11_TEE_MemMove
                0x0000000000004dec                TEE_MemCompare
                0x0000000000004e18                __GP11_TEE_MemCompare
                0x0000000000004e48                TEE_MemFill
                0x0000000000004e7c                __GP11_TEE_MemFill
                0x0000000000004eb0                TEE_GetSystemTime
                0x0000000000004eec                TEE_Wait
                0x0000000000004f34                TEE_GetTAPersistentTime
                0x0000000000004fd8                TEE_SetTAPersistentTime
                0x0000000000005030                TEE_GetREETime
                0x000000000000506c                TEE_Malloc
                0x0000000000005218                __GP11_TEE_Malloc
                0x0000000000005260                TEE_Realloc
                0x0000000000005374                __GP11_TEE_Realloc
                0x000000000000539c                TEE_Free
                0x0000000000005408                TEE_CacheClean
                0x0000000000005430                TEE_CacheFlush
                0x0000000000005458                TEE_CacheInvalidate
 .text          0x0000000000005480     0x285c /home/hfut/phytium-pi-os/output/build/phytium-optee-v4.6.0/out/data/link/export-ta_arm64/lib/libutee.a(tee_api_objects.o)
                0x0000000000005480                __utee_from_attr
                0x00000000000055e8                __utee_from_gp11_attr
                0x0000000000005758                TEE_GetObjectInfo
                0x0000000000005884                __GP11_TEE_GetObjectInfo
                0x00000000000059a8                TEE_GetObjectInfo1
                0x0000000000005abc                __GP11_TEE_GetObjectInfo1
                0x0000000000005bc8                TEE_RestrictObjectUsage
                0x0000000000005c78                TEE_RestrictObjectUsage1
                0x0000000000005ce0                TEE_GetObjectBufferAttribute
                0x0000000000005e34                __GP11_TEE_GetObjectBufferAttribute
                0x0000000000005ee4                TEE_GetObjectValueAttribute
                0x0000000000006080                TEE_CloseObject
                0x00000000000060c8                TEE_AllocateTransientObject
                0x0000000000006110                __GP11_TEE_AllocateTransientObject
                0x00000000000061e0                TEE_FreeTransientObject
                0x00000000000062ac                TEE_ResetTransientObject
                0x0000000000006378                TEE_PopulateTransientObject
                0x0000000000006548                __GP11_TEE_PopulateTransientObject
                0x0000000000006718                TEE_InitRefAttribute
                0x0000000000006784                __GP11_TEE_InitRefAttribute
                0x00000000000067f0                TEE_InitValueAttribute
                0x000000000000685c                __GP11_TEE_InitValueAttribute
                0x00000000000068c8                TEE_CopyObjectAttributes
                0x0000000000006978                TEE_CopyObjectAttributes1
                0x0000000000006ad0                TEE_GenerateKey
                0x0000000000006c40                __GP11_TEE_GenerateKey
                0x0000000000006db4                TEE_OpenPersistentObject
                0x0000000000006ee8                __GP11_TEE_OpenPersistentObject
                0x0000000000006f28                TEE_CreatePersistentObject
                0x00000000000070bc                __GP11_TEE_CreatePersistentObject
                0x0000000000007124                TEE_CloseAndDeletePersistentObject
                0x000000000000716c                TEE_CloseAndDeletePersistentObject1
                0x00000000000071cc                TEE_RenamePersistentObject
                0x0000000000007264                __GP11_TEE_RenamePersistentObject
                0x0000000000007294                TEE_AllocatePersistentObjectEnumerator
                0x0000000000007348                TEE_FreePersistentObjectEnumerator
                0x0000000000007390                TEE_ResetPersistentObjectEnumerator
                0x00000000000073d8                TEE_StartPersistentObjectEnumerator
                0x0000000000007450                TEE_GetNextPersistentObject
                0x00000000000075ec                __GP11_TEE_GetNextPersistentObject
                0x0000000000007788                TEE_ReadObjectData
                0x000000000000787c                __GP11_TEE_ReadObjectData
                0x0000000000007930                TEE_WriteObjectData
                0x00000000000079f4                __GP11_TEE_WriteObjectData
                0x0000000000007a24                TEE_TruncateObjectData
                0x0000000000007ab4                __GP11_TEE_TruncateObjectData
                0x0000000000007adc                TEE_SeekObjectData
                0x0000000000007cac                __GP11_TEE_SeekObjectData
 .text          0x0000000000007cdc     0x7640 /home/hfut/phytium-pi-os/output/build/phytium-optee-v4.6.0/out/data/link/export-ta_arm64/lib/libutee.a(tee_api_operations.o)
                0x00000000000083ec                TEE_AllocateOperation
                0x0000000000009834                TEE_FreeOperation
                0x0000000000009898                __GP11_TEE_FreeOperation
                0x00000000000098cc                TEE_GetOperationInfo
                0x000000000000994c                TEE_GetOperationInfoMultiple
                0x0000000000009c20                __GP11_TEE_GetOperationInfoMultiple
                0x0000000000009d54                TEE_ResetOperation
                0x0000000000009da4                TEE_SetOperationKey
                0x0000000000009fe0                __GP11_TEE_SetOperationKey
                0x000000000000a3b8                TEE_SetOperationKey2
                0x000000000000a414                __GP11_TEE_SetOperationKey2
                0x000000000000a464                TEE_CopyOperation
                0x000000000000a718                TEE_DigestUpdate
                0x000000000000a7a0                __GP11_TEE_DigestUpdate
                0x000000000000a7d0                TEE_DigestDoFinal
                0x000000000000a9d4                __GP11_TEE_DigestDoFinal
                0x000000000000aa90                TEE_DigestExtract
                0x000000000000ad08                TEE_CipherInit
                0x000000000000ae70                __GP11_TEE_CipherInit
                0x000000000000b3d8                TEE_CipherUpdate
                0x000000000000b674                __GP11_TEE_CipherUpdate
                0x000000000000b730                TEE_CipherDoFinal
                0x000000000000bb2c                __GP11_TEE_CipherDoFinal
                0x000000000000bc00                TEE_MACInit
                0x000000000000bcb0                __GP11_TEE_MACInit
                0x000000000000bce0                TEE_MACUpdate
                0x000000000000bda8                __GP11_TEE_MACUpdate
                0x000000000000bdd8                TEE_MACComputeFinal
                0x000000000000bf64                __GP11_TEE_MACComputeFinal
                0x000000000000c020                TEE_MACCompareFinal
                0x000000000000c1b0                __GP11_TEE_MACCompareFinal
                0x000000000000c1f4                TEE_AEInit
                0x000000000000c364                __GP11_TEE_AEInit
                0x000000000000c3b4                TEE_AEUpdateAAD
                0x000000000000c480                __GP11_TEE_AEUpdateAAD
                0x000000000000c6e0                TEE_AEUpdate
                0x000000000000c7f4                __GP11_TEE_AEUpdate
                0x000000000000c960                TEE_AEEncryptFinal
                0x000000000000cc98                __GP11_TEE_AEEncryptFinal
                0x000000000000cd98                TEE_AEDecryptFinal
                0x000000000000d07c                __GP11_TEE_AEDecryptFinal
                0x000000000000d14c                TEE_AsymmetricEncrypt
                0x000000000000d3b4                __GP11_TEE_AsymmetricEncrypt
                0x000000000000d604                TEE_AsymmetricDecrypt
                0x000000000000d86c                __GP11_TEE_AsymmetricDecrypt
                0x000000000000dabc                TEE_AsymmetricSignDigest
                0x000000000000dcf0                __GP11_TEE_AsymmetricSignDigest
                0x000000000000df30                TEE_AsymmetricVerifyDigest
                0x000000000000e14c                __GP11_TEE_AsymmetricVerifyDigest
                0x000000000000e374                TEE_DeriveKey
                0x000000000000e5e0                __GP11_TEE_DeriveKey
                0x000000000000e84c                TEE_GenerateRandom
                0x000000000000e88c                __GP11_TEE_GenerateRandom
                0x000000000000e8b8                rand
                0x000000000000e918                TEE_IsAlgorithmSupported
 .text          0x000000000000f31c      0x388 /home/hfut/phytium-pi-os/output/build/phytium-optee-v4.6.0/out/data/link/export-ta_arm64/lib/libutee.a(tee_api_panic.o)
                0x000000000000f31c                TEE_Panic
                0x000000000000f3c0                __utee_check_outbuf_annotation
                0x000000000000f424                __utee_check_gp11_outbuf_annotation
                0x000000000000f48c                __utee_check_instring_annotation
                0x000000000000f4d0                __utee_check_outstring_annotation
                0x000000000000f534                __utee_check_gp11_outstring_annotation
                0x000000000000f59c                __utee_check_out_annotation
                0x000000000000f5d8                __utee_check_attr_in_annotation
                0x000000000000f620                __utee_check_gp11_attr_in_annotation
                0x000000000000f668                __utee_check_inout_annotation
 .text          0x000000000000f6a4      0x49c /home/hfut/phytium-pi-os/output/build/phytium-optee-v4.6.0/out/data/link/export-ta_arm64/lib/libutee.a(tee_system_pta.o)
                0x000000000000f7cc                tee_map_zi
                0x000000000000f8d8                tee_unmap
                0x000000000000f9d4                tee_invoke_supp_plugin
 .text          0x000000000000fb40      0xf88 /home/hfut/phytium-pi-os/output/build/phytium-optee-v4.6.0/out/data/link/export-ta_arm64/lib/libutee.a(user_ta_entry.o)
                0x000000000000fdd8                __utee_call_elf_init_fn
                0x00000000000100a4                __utee_call_elf_fini_fn
                0x0000000000010a1c                __utee_entry
 .text._utee_panic
                0x0000000000010ac8        0xc /home/hfut/phytium-pi-os/output/build/phytium-optee-v4.6.0/out/data/link/export-ta_arm64/lib/libutee.a(utee_syscalls_a64.o)
                0x0000000000010ac8                _utee_panic
 .text._utee_return
                0x0000000000010ad4        0xc /home/hfut/phytium-pi-os/output/build/phytium-optee-v4.6.0/out/data/link/export-ta_arm64/lib/libutee.a(utee_syscalls_a64.o)
                0x0000000000010ad4                _utee_return
 .text._utee_log
                0x0000000000010ae0        0xc /home/hfut/phytium-pi-os/output/build/phytium-optee-v4.6.0/out/data/link/export-ta_arm64/lib/libutee.a(utee_syscalls_a64.o)
                0x0000000000010ae0                _utee_log
 .text.__utee_panic
                0x0000000000010aec        0xc /home/hfut/phytium-pi-os/output/build/phytium-optee-v4.6.0/out/data/link/export-ta_arm64/lib/libutee.a(utee_syscalls_a64.o)
                0x0000000000010aec                __utee_panic
 .text._utee_get_property
                0x0000000000010af8        0xc /home/hfut/phytium-pi-os/output/build/phytium-optee-v4.6.0/out/data/link/export-ta_arm64/lib/libutee.a(utee_syscalls_a64.o)
                0x0000000000010af8                _utee_get_property
 .text._utee_get_property_name_to_index
                0x0000000000010b04        0xc /home/hfut/phytium-pi-os/output/build/phytium-optee-v4.6.0/out/data/link/export-ta_arm64/lib/libutee.a(utee_syscalls_a64.o)
                0x0000000000010b04                _utee_get_property_name_to_index
 .text._utee_open_ta_session
                0x0000000000010b10        0xc /home/hfut/phytium-pi-os/output/build/phytium-optee-v4.6.0/out/data/link/export-ta_arm64/lib/libutee.a(utee_syscalls_a64.o)
                0x0000000000010b10                _utee_open_ta_session
 .text._utee_close_ta_session
                0x0000000000010b1c        0xc /home/hfut/phytium-pi-os/output/build/phytium-optee-v4.6.0/out/data/link/export-ta_arm64/lib/libutee.a(utee_syscalls_a64.o)
                0x0000000000010b1c                _utee_close_ta_session
 .text._utee_invoke_ta_command
                0x0000000000010b28        0xc /home/hfut/phytium-pi-os/output/build/phytium-optee-v4.6.0/out/data/link/export-ta_arm64/lib/libutee.a(utee_syscalls_a64.o)
                0x0000000000010b28                _utee_invoke_ta_command
 .text._utee_get_cancellation_flag
                0x0000000000010b34        0xc /home/hfut/phytium-pi-os/output/build/phytium-optee-v4.6.0/out/data/link/export-ta_arm64/lib/libutee.a(utee_syscalls_a64.o)
                0x0000000000010b34                _utee_get_cancellation_flag
 .text._utee_check_access_rights
                0x0000000000010b40        0xc /home/hfut/phytium-pi-os/output/build/phytium-optee-v4.6.0/out/data/link/export-ta_arm64/lib/libutee.a(utee_syscalls_a64.o)
                0x0000000000010b40                _utee_check_access_rights
 .text._utee_unmask_cancellation
                0x0000000000010b4c        0xc /home/hfut/phytium-pi-os/output/build/phytium-optee-v4.6.0/out/data/link/export-ta_arm64/lib/libutee.a(utee_syscalls_a64.o)
                0x0000000000010b4c                _utee_unmask_cancellation
 .text._utee_mask_cancellation
                0x0000000000010b58        0xc /home/hfut/phytium-pi-os/output/build/phytium-optee-v4.6.0/out/data/link/export-ta_arm64/lib/libutee.a(utee_syscalls_a64.o)
                0x0000000000010b58                _utee_mask_cancellation
 .text._utee_wait
                0x0000000000010b64        0xc /home/hfut/phytium-pi-os/output/build/phytium-optee-v4.6.0/out/data/link/export-ta_arm64/lib/libutee.a(utee_syscalls_a64.o)
                0x0000000000010b64                _utee_wait
 .text._utee_get_time
                0x0000000000010b70        0xc /home/hfut/phytium-pi-os/output/build/phytium-optee-v4.6.0/out/data/link/export-ta_arm64/lib/libutee.a(utee_syscalls_a64.o)
                0x0000000000010b70                _utee_get_time
 .text._utee_set_ta_time
                0x0000000000010b7c        0xc /home/hfut/phytium-pi-os/output/build/phytium-optee-v4.6.0/out/data/link/export-ta_arm64/lib/libutee.a(utee_syscalls_a64.o)
                0x0000000000010b7c                _utee_set_ta_time
 .text._utee_cryp_state_alloc
                0x0000000000010b88        0xc /home/hfut/phytium-pi-os/output/build/phytium-optee-v4.6.0/out/data/link/export-ta_arm64/lib/libutee.a(utee_syscalls_a64.o)
                0x0000000000010b88                _utee_cryp_state_alloc
 .text._utee_cryp_state_copy
                0x0000000000010b94        0xc /home/hfut/phytium-pi-os/output/build/phytium-optee-v4.6.0/out/data/link/export-ta_arm64/lib/libutee.a(utee_syscalls_a64.o)
                0x0000000000010b94                _utee_cryp_state_copy
 .text._utee_cryp_state_free
                0x0000000000010ba0        0xc /home/hfut/phytium-pi-os/output/build/phytium-optee-v4.6.0/out/data/link/export-ta_arm64/lib/libutee.a(utee_syscalls_a64.o)
                0x0000000000010ba0                _utee_cryp_state_free
 .text._utee_hash_init
                0x0000000000010bac        0xc /home/hfut/phytium-pi-os/output/build/phytium-optee-v4.6.0/out/data/link/export-ta_arm64/lib/libutee.a(utee_syscalls_a64.o)
                0x0000000000010bac                _utee_hash_init
 .text._utee_hash_update
                0x0000000000010bb8        0xc /home/hfut/phytium-pi-os/output/build/phytium-optee-v4.6.0/out/data/link/export-ta_arm64/lib/libutee.a(utee_syscalls_a64.o)
                0x0000000000010bb8                _utee_hash_update
 .text._utee_hash_final
                0x0000000000010bc4        0xc /home/hfut/phytium-pi-os/output/build/phytium-optee-v4.6.0/out/data/link/export-ta_arm64/lib/libutee.a(utee_syscalls_a64.o)
                0x0000000000010bc4                _utee_hash_final
 .text._utee_cipher_init
                0x0000000000010bd0        0xc /home/hfut/phytium-pi-os/output/build/phytium-optee-v4.6.0/out/data/link/export-ta_arm64/lib/libutee.a(utee_syscalls_a64.o)
                0x0000000000010bd0                _utee_cipher_init
 .text._utee_cipher_update
                0x0000000000010bdc        0xc /home/hfut/phytium-pi-os/output/build/phytium-optee-v4.6.0/out/data/link/export-ta_arm64/lib/libutee.a(utee_syscalls_a64.o)
                0x0000000000010bdc                _utee_cipher_update
 .text._utee_cipher_final
                0x0000000000010be8        0xc /home/hfut/phytium-pi-os/output/build/phytium-optee-v4.6.0/out/data/link/export-ta_arm64/lib/libutee.a(utee_syscalls_a64.o)
                0x0000000000010be8                _utee_cipher_final
 .text._utee_cryp_obj_get_info
                0x0000000000010bf4        0xc /home/hfut/phytium-pi-os/output/build/phytium-optee-v4.6.0/out/data/link/export-ta_arm64/lib/libutee.a(utee_syscalls_a64.o)
                0x0000000000010bf4                _utee_cryp_obj_get_info
 .text._utee_cryp_obj_restrict_usage
                0x0000000000010c00        0xc /home/hfut/phytium-pi-os/output/build/phytium-optee-v4.6.0/out/data/link/export-ta_arm64/lib/libutee.a(utee_syscalls_a64.o)
                0x0000000000010c00                _utee_cryp_obj_restrict_usage
 .text._utee_cryp_obj_get_attr
                0x0000000000010c0c        0xc /home/hfut/phytium-pi-os/output/build/phytium-optee-v4.6.0/out/data/link/export-ta_arm64/lib/libutee.a(utee_syscalls_a64.o)
                0x0000000000010c0c                _utee_cryp_obj_get_attr
 .text._utee_cryp_obj_alloc
                0x0000000000010c18        0xc /home/hfut/phytium-pi-os/output/build/phytium-optee-v4.6.0/out/data/link/export-ta_arm64/lib/libutee.a(utee_syscalls_a64.o)
                0x0000000000010c18                _utee_cryp_obj_alloc
 .text._utee_cryp_obj_close
                0x0000000000010c24        0xc /home/hfut/phytium-pi-os/output/build/phytium-optee-v4.6.0/out/data/link/export-ta_arm64/lib/libutee.a(utee_syscalls_a64.o)
                0x0000000000010c24                _utee_cryp_obj_close
 .text._utee_cryp_obj_reset
                0x0000000000010c30        0xc /home/hfut/phytium-pi-os/output/build/phytium-optee-v4.6.0/out/data/link/export-ta_arm64/lib/libutee.a(utee_syscalls_a64.o)
                0x0000000000010c30                _utee_cryp_obj_reset
 .text._utee_cryp_obj_populate
                0x0000000000010c3c        0xc /home/hfut/phytium-pi-os/output/build/phytium-optee-v4.6.0/out/data/link/export-ta_arm64/lib/libutee.a(utee_syscalls_a64.o)
                0x0000000000010c3c                _utee_cryp_obj_populate
 .text._utee_cryp_obj_copy
                0x0000000000010c48        0xc /home/hfut/phytium-pi-os/output/build/phytium-optee-v4.6.0/out/data/link/export-ta_arm64/lib/libutee.a(utee_syscalls_a64.o)
                0x0000000000010c48                _utee_cryp_obj_copy
 .text._utee_cryp_derive_key
                0x0000000000010c54        0xc /home/hfut/phytium-pi-os/output/build/phytium-optee-v4.6.0/out/data/link/export-ta_arm64/lib/libutee.a(utee_syscalls_a64.o)
                0x0000000000010c54                _utee_cryp_derive_key
 .text._utee_cryp_random_number_generate
                0x0000000000010c60        0xc /home/hfut/phytium-pi-os/output/build/phytium-optee-v4.6.0/out/data/link/export-ta_arm64/lib/libutee.a(utee_syscalls_a64.o)
                0x0000000000010c60                _utee_cryp_random_number_generate
 .text._utee_authenc_init
                0x0000000000010c6c        0xc /home/hfut/phytium-pi-os/output/build/phytium-optee-v4.6.0/out/data/link/export-ta_arm64/lib/libutee.a(utee_syscalls_a64.o)
                0x0000000000010c6c                _utee_authenc_init
 .text._utee_authenc_update_aad
                0x0000000000010c78        0xc /home/hfut/phytium-pi-os/output/build/phytium-optee-v4.6.0/out/data/link/export-ta_arm64/lib/libutee.a(utee_syscalls_a64.o)
                0x0000000000010c78                _utee_authenc_update_aad
 .text._utee_authenc_update_payload
                0x0000000000010c84        0xc /home/hfut/phytium-pi-os/output/build/phytium-optee-v4.6.0/out/data/link/export-ta_arm64/lib/libutee.a(utee_syscalls_a64.o)
                0x0000000000010c84                _utee_authenc_update_payload
 .text._utee_authenc_enc_final
                0x0000000000010c90        0xc /home/hfut/phytium-pi-os/output/build/phytium-optee-v4.6.0/out/data/link/export-ta_arm64/lib/libutee.a(utee_syscalls_a64.o)
                0x0000000000010c90                _utee_authenc_enc_final
 .text._utee_authenc_dec_final
                0x0000000000010c9c        0xc /home/hfut/phytium-pi-os/output/build/phytium-optee-v4.6.0/out/data/link/export-ta_arm64/lib/libutee.a(utee_syscalls_a64.o)
                0x0000000000010c9c                _utee_authenc_dec_final
 .text._utee_asymm_operate
                0x0000000000010ca8        0xc /home/hfut/phytium-pi-os/output/build/phytium-optee-v4.6.0/out/data/link/export-ta_arm64/lib/libutee.a(utee_syscalls_a64.o)
                0x0000000000010ca8                _utee_asymm_operate
 .text._utee_asymm_verify
                0x0000000000010cb4        0xc /home/hfut/phytium-pi-os/output/build/phytium-optee-v4.6.0/out/data/link/export-ta_arm64/lib/libutee.a(utee_syscalls_a64.o)
                0x0000000000010cb4                _utee_asymm_verify
 .text._utee_storage_obj_open
                0x0000000000010cc0        0xc /home/hfut/phytium-pi-os/output/build/phytium-optee-v4.6.0/out/data/link/export-ta_arm64/lib/libutee.a(utee_syscalls_a64.o)
                0x0000000000010cc0                _utee_storage_obj_open
 .text._utee_storage_obj_create
                0x0000000000010ccc        0xc /home/hfut/phytium-pi-os/output/build/phytium-optee-v4.6.0/out/data/link/export-ta_arm64/lib/libutee.a(utee_syscalls_a64.o)
                0x0000000000010ccc                _utee_storage_obj_create
 .text._utee_storage_obj_del
                0x0000000000010cd8        0xc /home/hfut/phytium-pi-os/output/build/phytium-optee-v4.6.0/out/data/link/export-ta_arm64/lib/libutee.a(utee_syscalls_a64.o)
                0x0000000000010cd8                _utee_storage_obj_del
 .text._utee_storage_obj_rename
                0x0000000000010ce4        0xc /home/hfut/phytium-pi-os/output/build/phytium-optee-v4.6.0/out/data/link/export-ta_arm64/lib/libutee.a(utee_syscalls_a64.o)
                0x0000000000010ce4                _utee_storage_obj_rename
 .text._utee_storage_alloc_enum
                0x0000000000010cf0        0xc /home/hfut/phytium-pi-os/output/build/phytium-optee-v4.6.0/out/data/link/export-ta_arm64/lib/libutee.a(utee_syscalls_a64.o)
                0x0000000000010cf0                _utee_storage_alloc_enum
 .text._utee_storage_free_enum
                0x0000000000010cfc        0xc /home/hfut/phytium-pi-os/output/build/phytium-optee-v4.6.0/out/data/link/export-ta_arm64/lib/libutee.a(utee_syscalls_a64.o)
                0x0000000000010cfc                _utee_storage_free_enum
 .text._utee_storage_reset_enum
                0x0000000000010d08        0xc /home/hfut/phytium-pi-os/output/build/phytium-optee-v4.6.0/out/data/link/export-ta_arm64/lib/libutee.a(utee_syscalls_a64.o)
                0x0000000000010d08                _utee_storage_reset_enum
 .text._utee_storage_start_enum
                0x0000000000010d14        0xc /home/hfut/phytium-pi-os/output/build/phytium-optee-v4.6.0/out/data/link/export-ta_arm64/lib/libutee.a(utee_syscalls_a64.o)
                0x0000000000010d14                _utee_storage_start_enum
 .text._utee_storage_next_enum
                0x0000000000010d20        0xc /home/hfut/phytium-pi-os/output/build/phytium-optee-v4.6.0/out/data/link/export-ta_arm64/lib/libutee.a(utee_syscalls_a64.o)
                0x0000000000010d20                _utee_storage_next_enum
 .text._utee_storage_obj_read
                0x0000000000010d2c        0xc /home/hfut/phytium-pi-os/output/build/phytium-optee-v4.6.0/out/data/link/export-ta_arm64/lib/libutee.a(utee_syscalls_a64.o)
                0x0000000000010d2c                _utee_storage_obj_read
 .text._utee_storage_obj_write
                0x0000000000010d38        0xc /home/hfut/phytium-pi-os/output/build/phytium-optee-v4.6.0/out/data/link/export-ta_arm64/lib/libutee.a(utee_syscalls_a64.o)
                0x0000000000010d38                _utee_storage_obj_write
 .text._utee_storage_obj_trunc
                0x0000000000010d44        0xc /home/hfut/phytium-pi-os/output/build/phytium-optee-v4.6.0/out/data/link/export-ta_arm64/lib/libutee.a(utee_syscalls_a64.o)
                0x0000000000010d44                _utee_storage_obj_trunc
 .text._utee_storage_obj_seek
                0x0000000000010d50        0xc /home/hfut/phytium-pi-os/output/build/phytium-optee-v4.6.0/out/data/link/export-ta_arm64/lib/libutee.a(utee_syscalls_a64.o)
                0x0000000000010d50                _utee_storage_obj_seek
 .text._utee_cryp_obj_generate_key
                0x0000000000010d5c        0xc /home/hfut/phytium-pi-os/output/build/phytium-optee-v4.6.0/out/data/link/export-ta_arm64/lib/libutee.a(utee_syscalls_a64.o)
                0x0000000000010d5c                _utee_cryp_obj_generate_key
 .text._utee_cache_operation
                0x0000000000010d68        0xc /home/hfut/phytium-pi-os/output/build/phytium-optee-v4.6.0/out/data/link/export-ta_arm64/lib/libutee.a(utee_syscalls_a64.o)
                0x0000000000010d68                _utee_cache_operation
 .text          0x0000000000010d74       0x24 /home/hfut/phytium-pi-os/output/build/phytium-optee-v4.6.0/out/data/link/export-ta_arm64/lib/libutee.a(abort.o)
                0x0000000000010d74                abort
 .text          0x0000000000010d98       0x74 /home/hfut/phytium-pi-os/output/build/phytium-optee-v4.6.0/out/data/link/export-ta_arm64/lib/libutee.a(assert.o)
                0x0000000000010d98                _assert_log
                0x0000000000010df4                _assert_break
 .text          0x0000000000010e0c     0x2ca4 /home/hfut/phytium-pi-os/output/build/phytium-optee-v4.6.0/out/data/link/export-ta_arm64/lib/libutee.a(tee_api_arith_mpi.o)
                0x0000000000010e8c                _TEE_MathAPI_Init
                0x00000000000110c0                TEE_BigIntInit
                0x0000000000011144                __GP11_TEE_BigIntInit
                0x0000000000011170                TEE_BigIntConvertFromOctetString
                0x000000000001123c                __GP11_TEE_BigIntConvertFromOctetString
                0x0000000000011274                TEE_BigIntConvertToOctetString
                0x0000000000011350                __GP11_TEE_BigIntConvertToOctetString
                0x00000000000113e8                TEE_BigIntConvertFromS32
                0x00000000000114ac                TEE_BigIntConvertToS32
                0x00000000000115f0                TEE_BigIntCmp
                0x0000000000011680                TEE_BigIntCmpS32
                0x00000000000116fc                TEE_BigIntShiftRight
                0x0000000000011918                __GP11_TEE_BigIntShiftRight
                0x000000000001194c                TEE_BigIntGetBit
                0x00000000000119d0                TEE_BigIntGetBitCount
                0x0000000000011a44                TEE_BigIntSetBit
                0x0000000000011b08                TEE_BigIntAssign
                0x0000000000011bb8                TEE_BigIntAbs
                0x0000000000011f88                TEE_BigIntAdd
                0x0000000000011fc0                TEE_BigIntSub
                0x0000000000011ff8                TEE_BigIntNeg
                0x00000000000120ec                TEE_BigIntMul
                0x0000000000012220                TEE_BigIntSquare
                0x000000000001224c                TEE_BigIntDiv
                0x0000000000012460                TEE_BigIntMod
                0x00000000000124c4                TEE_BigIntAddMod
                0x0000000000012504                TEE_BigIntSubMod
                0x0000000000012544                TEE_BigIntMulMod
                0x0000000000012584                TEE_BigIntSquareMod
                0x00000000000125b8                TEE_BigIntInvMod
                0x0000000000012724                TEE_BigIntRelativePrime
                0x00000000000128a0                TEE_BigIntExpMod
                0x0000000000013308                TEE_BigIntComputeExtendedGcd
                0x0000000000013654                TEE_BigIntIsProbablePrime
                0x0000000000013718                TEE_BigIntInitFMM
                0x0000000000013740                __GP11_TEE_BigIntInitFMM
                0x000000000001376c                TEE_BigIntInitFMMContext
                0x0000000000013788                __GP11_TEE_BigIntInitFMMContext
                0x00000000000137bc                TEE_BigIntInitFMMContext1
                0x00000000000137d8                TEE_BigIntFMMSizeInU32
                0x00000000000137f8                __GP11_TEE_BigIntFMMSizeInU32
                0x0000000000013814                TEE_BigIntFMMContextSizeInU32
                0x0000000000013828                __GP11_TEE_BigIntFMMContextSizeInU32
                0x0000000000013844                TEE_BigIntConvertToFMM
                0x0000000000013878                TEE_BigIntConvertFromFMM
                0x0000000000013958                TEE_BigIntComputeFMM
 .text          0x0000000000013ab0     0x161c /home/hfut/phytium-pi-os/output/build/phytium-optee-v4.6.0/out/data/link/export-ta_arm64/lib/libutee.a(tee_api_property.o)
                0x000000000001409c                TEE_GetPropertyAsString
                0x000000000001446c                __GP11_TEE_GetPropertyAsString
                0x000000000001451c                TEE_GetPropertyAsBool
                0x0000000000014624                TEE_GetPropertyAsU32
                0x0000000000014724                TEE_GetPropertyAsU64
                0x0000000000014824                __GP11_TEE_GetPropertyAsBinaryBlock
                0x0000000000014934                TEE_GetPropertyAsBinaryBlock
                0x00000000000149e0                TEE_GetPropertyAsUUID
                0x0000000000014ae0                TEE_GetPropertyAsIdentity
                0x0000000000014be0                TEE_AllocatePropertyEnumerator
                0x0000000000014c6c                TEE_ResetPropertyEnumerator
                0x0000000000014c94                TEE_FreePropertyEnumerator
                0x0000000000014cbc                TEE_StartPropertyEnumerator
                0x0000000000014d00                __GP11_TEE_GetPropertyName
                0x0000000000014ed8                TEE_GetPropertyName
                0x0000000000014f7c                TEE_GetNextProperty
 .text          0x00000000000150cc      0x5f0 /home/hfut/phytium-pi-os/output/build/phytium-optee-v4.6.0/out/data/link/export-ta_arm64/lib/libutee.a(tcb.o)
                0x000000000001511c                __utee_tcb_init
                0x0000000000015550                __tls_get_addr
                0x0000000000015590                dl_iterate_phdr
 .text          0x00000000000156bc      0x640 /home/hfut/phytium-pi-os/output/build/phytium-optee-v4.6.0/out/data/link/export-ta_arm64/lib/libutee.a(base64.o)
                0x00000000000156bc                _base64_enc_len
                0x00000000000156ec                _base64_enc
                0x00000000000159e0                _base64_dec
 .text          0x0000000000015cfc     0x5908 /home/hfut/phytium-pi-os/output/build/phytium-optee-v4.6.0/out/data/link/export-ta_arm64/lib/libmbedtls.a(bignum.o)
                0x0000000000015d6c                mbedtls_mpi_init
                0x0000000000015d90                mbedtls_mpi_init_mempool
                0x0000000000015dd0                mbedtls_mpi_free
                0x0000000000015e80                mbedtls_mpi_grow
                0x0000000000015ff4                mbedtls_mpi_shrink
                0x000000000001627c                mbedtls_mpi_copy
                0x000000000001640c                mbedtls_mpi_swap
                0x00000000000164bc                mbedtls_mpi_lset
                0x000000000001655c                mbedtls_mpi_get_bit
                0x00000000000165bc                mbedtls_mpi_set_bit
                0x00000000000166f0                mbedtls_mpi_lsb
                0x0000000000016790                mbedtls_mpi_bitlen
                0x00000000000167c0                mbedtls_mpi_size
                0x00000000000168ac                mbedtls_mpi_read_string
                0x0000000000016d48                mbedtls_mpi_write_string
                0x0000000000017068                mbedtls_mpi_read_binary_le
                0x0000000000017108                mbedtls_mpi_read_binary
                0x00000000000171a8                mbedtls_mpi_write_binary_le
                0x00000000000171e8                mbedtls_mpi_write_binary
                0x0000000000017228                mbedtls_mpi_shift_l
                0x0000000000017474                mbedtls_mpi_shift_r
                0x00000000000174c0                mbedtls_mpi_cmp_abs
                0x0000000000017678                mbedtls_mpi_cmp_mpi
                0x0000000000017898                mbedtls_mpi_cmp_int
                0x0000000000017934                mbedtls_mpi_add_abs
                0x0000000000017b30                mbedtls_mpi_sub_abs
                0x0000000000017e78                mbedtls_mpi_add_mpi
                0x0000000000017ea8                mbedtls_mpi_sub_mpi
                0x0000000000017ed8                mbedtls_mpi_add_int
                0x0000000000017f7c                mbedtls_mpi_sub_int
                0x0000000000018020                mbedtls_mpi_mul_mpi
                0x00000000000182d0                mbedtls_mpi_mul_int
                0x00000000000184ac                mbedtls_mpi_div_mpi
                0x0000000000018c64                mbedtls_mpi_div_int
                0x0000000000018d10                mbedtls_mpi_mod_mpi
                0x0000000000018dec                mbedtls_mpi_mod_int
                0x0000000000018fcc                mbedtls_mpi_montg_init
                0x0000000000019064                mbedtls_mpi_montmul
                0x000000000001913c                mbedtls_mpi_montred
                0x0000000000019210                mbedtls_mpi_exp_mod
                0x0000000000019d0c                mbedtls_mpi_gcd
                0x0000000000019f68                mbedtls_mpi_fill_random
                0x000000000001a018                mbedtls_mpi_random
                0x000000000001a0c8                mbedtls_mpi_inv_mod
                0x000000000001aa94                mbedtls_mpi_is_prime_ext
                0x000000000001abac                mbedtls_mpi_gen_prime
                0x000000000001b04c                mbedtls_mpi_self_test
 .text          0x000000000001b604     0x2100 /home/hfut/phytium-pi-os/output/build/phytium-optee-v4.6.0/out/data/link/export-ta_arm64/lib/libmbedtls.a(bignum_core.o)
                0x000000000001b648                mbedtls_mpi_core_clz
                0x000000000001b6ac                mbedtls_mpi_core_bitlen
                0x000000000001b7ec                mbedtls_mpi_core_bigendian_to_host
                0x000000000001b898                mbedtls_mpi_core_uint_le_mpi
                0x000000000001b934                mbedtls_mpi_core_cond_assign
                0x000000000001b980                mbedtls_mpi_core_cond_swap
                0x000000000001ba98                mbedtls_mpi_core_read_le
                0x000000000001bb9c                mbedtls_mpi_core_read_be
                0x000000000001bc78                mbedtls_mpi_core_write_le
                0x000000000001bdc0                mbedtls_mpi_core_write_be
                0x000000000001bf18                mbedtls_mpi_core_shift_r
                0x000000000001c110                mbedtls_mpi_core_add
                0x000000000001c20c                mbedtls_mpi_core_add_if
                0x000000000001c318                mbedtls_mpi_core_sub
                0x000000000001c40c                mbedtls_mpi_core_mla
                0x000000000001cbbc                mbedtls_mpi_core_montmul_init
                0x000000000001cc48                mbedtls_mpi_core_montmul
                0x000000000001cda4                mbedtls_mpi_core_get_mont_r2_unsafe
                0x000000000001ced8                mbedtls_mpi_core_fill_random
                0x000000000001cfd8                mbedtls_mpi_core_random
                0x000000000001d170                mbedtls_mpi_core_exp_mod_working_limbs
                0x000000000001d304                mbedtls_mpi_core_exp_mod
                0x000000000001d524                mbedtls_mpi_core_sub_int
                0x000000000001d5c0                mbedtls_mpi_core_check_zero_ct
                0x000000000001d620                mbedtls_mpi_core_to_mont_rep
                0x000000000001d674                mbedtls_mpi_core_from_mont_rep
 .text          0x000000000001d704      0xf0c /home/hfut/phytium-pi-os/output/build/phytium-optee-v4.6.0/out/data/link/export-ta_arm64/lib/libmbedtls.a(constant_time.o)
                0x000000000001d704                mbedtls_ct_memcmp
                0x000000000001d7a0                mbedtls_ct_uint_mask
                0x000000000001d7c4                mbedtls_ct_mpi_uint_mask
                0x000000000001d848                mbedtls_ct_size_bool_eq
                0x000000000001d8b8                mbedtls_ct_mpi_uint_lt
                0x000000000001d920                mbedtls_ct_uint_if
                0x000000000001d9d0                mbedtls_ct_mpi_uint_cond_assign
                0x000000000001da78                mbedtls_ct_base64_enc_char
                0x000000000001dba4                mbedtls_ct_base64_dec_value
                0x000000000001de20                mbedtls_mpi_safe_cond_assign
                0x000000000001df34                mbedtls_mpi_safe_cond_swap
                0x000000000001e038                mbedtls_mpi_core_lt_ct
                0x000000000001e150                mbedtls_mpi_lt_mpi_ct
                0x000000000001e324                mbedtls_ct_rsaes_pkcs1_v15_unpadding
 .text          0x000000000001e610      0x2f0 /home/hfut/phytium-pi-os/output/build/phytium-optee-v4.6.0/out/data/link/export-ta_arm64/lib/libmbedtls.a(platform_util.o)
                0x000000000001e610                mbedtls_get_unaligned_uint16
                0x000000000001e674                mbedtls_put_unaligned_uint16
                0x000000000001e6a4                mbedtls_get_unaligned_uint32
                0x000000000001e708                mbedtls_put_unaligned_uint32
                0x000000000001e738                mbedtls_get_unaligned_uint64
                0x000000000001e79c                mbedtls_put_unaligned_uint64
                0x000000000001e7cc                mbedtls_xor
                0x000000000001e8bc                mbedtls_platform_zeroize
 .text          0x000000000001e900     0x1fc0 /home/hfut/phytium-pi-os/output/build/phytium-optee-v4.6.0/out/data/link/export-ta_arm64/lib/libutils.a(bget_malloc.o)
                0x000000000001ea54                bget
                0x000000000001ef7c                bgetz
                0x000000000001f070                bgetr
                0x000000000001f1a8                brel
                0x000000000001f5ac                bpool
                0x000000000001fb10                raw_memalign
                0x000000000001fc44                raw_malloc
                0x000000000001fc7c                raw_free
                0x000000000001fcd4                raw_calloc
                0x000000000001fe50                raw_realloc
                0x0000000000020048                malloc
                0x00000000000200ec                calloc
                0x000000000002017c                realloc
                0x00000000000201d0                memalign
                0x000000000002022c                aligned_alloc
                0x00000000000202a8                free
                0x00000000000202cc                free_wipe
                0x00000000000203d8                raw_malloc_get_ctx_size
                0x00000000000203e0                raw_malloc_init_ctx
                0x0000000000020420                raw_malloc_add_pool
                0x00000000000205d8                raw_malloc_buffer_overlaps_heap
                0x00000000000206fc                raw_malloc_buffer_is_within_alloced
                0x0000000000020830                malloc_add_pool
                0x0000000000020860                malloc_buffer_is_within_alloced
                0x0000000000020890                malloc_buffer_overlaps_heap
 .text          0x00000000000208c0      0x15c /home/hfut/phytium-pi-os/output/build/phytium-optee-v4.6.0/out/data/link/export-ta_arm64/lib/libutils.a(snprintf.o)
                0x00000000000208c0                snprintf
                0x00000000000209b8                vsnprintf
 .text          0x0000000000020a1c      0x180 /home/hfut/phytium-pi-os/output/build/phytium-optee-v4.6.0/out/data/link/export-ta_arm64/lib/libutils.a(memcpy.o)
                0x0000000000020a1c                memcpy
 .text          0x0000000000020b9c      0x20c /home/hfut/phytium-pi-os/output/build/phytium-optee-v4.6.0/out/data/link/export-ta_arm64/lib/libutils.a(memmove.o)
                0x0000000000020b9c                memmove
 .text          0x0000000000020da8      0x1cc /home/hfut/phytium-pi-os/output/build/phytium-optee-v4.6.0/out/data/link/export-ta_arm64/lib/libutils.a(memset.o)
                0x0000000000020da8                memset
 .text          0x0000000000020f74      0x114 /home/hfut/phytium-pi-os/output/build/phytium-optee-v4.6.0/out/data/link/export-ta_arm64/lib/libutils.a(strcmp.o)
                0x0000000000020f74                strcmp
 .text          0x0000000000021088       0xb4 /home/hfut/phytium-pi-os/output/build/phytium-optee-v4.6.0/out/data/link/export-ta_arm64/lib/libutils.a(strlcpy.o)
                0x0000000000021088                strlcpy
 .text          0x000000000002113c      0x368 /home/hfut/phytium-pi-os/output/build/phytium-optee-v4.6.0/out/data/link/export-ta_arm64/lib/libutils.a(mempool.o)
                0x0000000000021260                mempool_alloc_pool
                0x00000000000212f0                mempool_alloc
                0x0000000000021378                mempool_calloc
                0x000000000002145c                mempool_free
 .text          0x00000000000214a4       0xf8 /home/hfut/phytium-pi-os/output/build/phytium-optee-v4.6.0/out/data/link/export-ta_arm64/lib/libutils.a(consttime_memcmp.o)
                0x00000000000214a4                consttime_memcmp
 .text          0x000000000002159c        0x0 /home/hfut/phytium-pi-os/output/build/phytium-optee-v4.6.0/out/data/link/export-ta_arm64/lib/libutee.a(utee_syscalls_a64.o)
 *(SORT_BY_ALIGNMENT(.stub))
 *(SORT_BY_ALIGNMENT(.glue_7))
 *(SORT_BY_ALIGNMENT(.glue_7t))
 *(SORT_BY_ALIGNMENT(.gnu.linkonce.t.*))
 *(SORT_BY_ALIGNMENT(.vfp11_veneer))
                0x000000000002159c                __text_end = .

.note.gnu.property
 *(SORT_BY_ALIGNMENT(.note.gnu.property))

.plt            0x000000000002159c        0x0
 *(SORT_BY_ALIGNMENT(.plt))
 .plt           0x000000000002159c        0x0 ./media_crypto_ta.o

.eh_frame_hdr
 *(SORT_BY_ALIGNMENT(.eh_frame_hdr))
 *(SORT_BY_ALIGNMENT(.eh_frame_entry) SORT_BY_ALIGNMENT(.eh_frame_entry.*))

.eh_frame       0x00000000000215a0     0x3d40
 *(SORT_BY_ALIGNMENT(.eh_frame))
 .eh_frame      0x00000000000215a0      0x218 ./media_crypto_ta.o
 .eh_frame      0x00000000000217b8       0x30 ./user_ta_header.o
                                         0x40 (size before relaxing)
 .eh_frame      0x00000000000217e8       0x18 /home/hfut/phytium-pi-os/output/build/phytium-optee-v4.6.0/out/data/link/export-ta_arm64/lib/libutils.a(stack_check.o)
                                         0x30 (size before relaxing)
 .eh_frame      0x0000000000021800       0xf0 /home/hfut/phytium-pi-os/output/build/phytium-optee-v4.6.0/out/data/link/export-ta_arm64/lib/libutils.a(trace.o)
                                        0x108 (size before relaxing)
 .eh_frame      0x00000000000218f0       0xd0 /home/hfut/phytium-pi-os/output/build/phytium-optee-v4.6.0/out/data/link/export-ta_arm64/lib/libutils.a(snprintk.o)
                                         0xe8 (size before relaxing)
 .eh_frame      0x00000000000219c0       0x18 /home/hfut/phytium-pi-os/output/build/phytium-optee-v4.6.0/out/data/link/export-ta_arm64/lib/libutils.a(memchr.o)
                                         0x30 (size before relaxing)
 .eh_frame      0x00000000000219d8       0x18 /home/hfut/phytium-pi-os/output/build/phytium-optee-v4.6.0/out/data/link/export-ta_arm64/lib/libutils.a(strlen.o)
                                         0x30 (size before relaxing)
 .eh_frame      0x00000000000219f0       0x98 /home/hfut/phytium-pi-os/output/build/phytium-optee-v4.6.0/out/data/link/export-ta_arm64/lib/libutee.a(trace_ext.o)
                                         0xa8 (size before relaxing)
 .eh_frame      0x0000000000021a88      0x4f8 /home/hfut/phytium-pi-os/output/build/phytium-optee-v4.6.0/out/data/link/export-ta_arm64/lib/libutee.a(tee_api.o)
                                        0x508 (size before relaxing)
 .eh_frame      0x0000000000021f80      0x610 /home/hfut/phytium-pi-os/output/build/phytium-optee-v4.6.0/out/data/link/export-ta_arm64/lib/libutee.a(tee_api_objects.o)
                                        0x628 (size before relaxing)
 .eh_frame      0x0000000000022590      0x850 /home/hfut/phytium-pi-os/output/build/phytium-optee-v4.6.0/out/data/link/export-ta_arm64/lib/libutee.a(tee_api_operations.o)
                                        0x860 (size before relaxing)
 .eh_frame      0x0000000000022de0      0x180 /home/hfut/phytium-pi-os/output/build/phytium-optee-v4.6.0/out/data/link/export-ta_arm64/lib/libutee.a(tee_api_panic.o)
                                        0x198 (size before relaxing)
 .eh_frame      0x0000000000022f60       0xe8 /home/hfut/phytium-pi-os/output/build/phytium-optee-v4.6.0/out/data/link/export-ta_arm64/lib/libutee.a(tee_system_pta.o)
                                        0x100 (size before relaxing)
 .eh_frame      0x0000000000023048      0x260 /home/hfut/phytium-pi-os/output/build/phytium-optee-v4.6.0/out/data/link/export-ta_arm64/lib/libutee.a(user_ta_entry.o)
                                        0x278 (size before relaxing)
 .eh_frame      0x00000000000232a8       0x18 /home/hfut/phytium-pi-os/output/build/phytium-optee-v4.6.0/out/data/link/export-ta_arm64/lib/libutee.a(abort.o)
                                         0x30 (size before relaxing)
 .eh_frame      0x00000000000232c0       0x38 /home/hfut/phytium-pi-os/output/build/phytium-optee-v4.6.0/out/data/link/export-ta_arm64/lib/libutee.a(assert.o)
                                         0x50 (size before relaxing)
 .eh_frame      0x00000000000232f8      0x6d8 /home/hfut/phytium-pi-os/output/build/phytium-optee-v4.6.0/out/data/link/export-ta_arm64/lib/libutee.a(tee_api_arith_mpi.o)
                                        0x6e8 (size before relaxing)
 .eh_frame      0x00000000000239d0      0x268 /home/hfut/phytium-pi-os/output/build/phytium-optee-v4.6.0/out/data/link/export-ta_arm64/lib/libutee.a(tee_api_property.o)
                                        0x280 (size before relaxing)
 .eh_frame      0x0000000000023c38       0x90 /home/hfut/phytium-pi-os/output/build/phytium-optee-v4.6.0/out/data/link/export-ta_arm64/lib/libutee.a(tcb.o)
                                         0xa0 (size before relaxing)
 .eh_frame      0x0000000000023cc8       0x70 /home/hfut/phytium-pi-os/output/build/phytium-optee-v4.6.0/out/data/link/export-ta_arm64/lib/libutee.a(base64.o)
                                         0x88 (size before relaxing)
 .eh_frame      0x0000000000023d38      0x768 /home/hfut/phytium-pi-os/output/build/phytium-optee-v4.6.0/out/data/link/export-ta_arm64/lib/libmbedtls.a(bignum.o)
                                        0x778 (size before relaxing)
 .eh_frame      0x00000000000244a0      0x3b8 /home/hfut/phytium-pi-os/output/build/phytium-optee-v4.6.0/out/data/link/export-ta_arm64/lib/libmbedtls.a(bignum_core.o)
                                        0x3c8 (size before relaxing)
 .eh_frame      0x0000000000024858      0x1f8 /home/hfut/phytium-pi-os/output/build/phytium-optee-v4.6.0/out/data/link/export-ta_arm64/lib/libmbedtls.a(constant_time.o)
                                        0x210 (size before relaxing)
 .eh_frame      0x0000000000024a50      0x108 /home/hfut/phytium-pi-os/output/build/phytium-optee-v4.6.0/out/data/link/export-ta_arm64/lib/libmbedtls.a(platform_util.o)
                                        0x118 (size before relaxing)
 .eh_frame      0x0000000000024b58      0x5b0 /home/hfut/phytium-pi-os/output/build/phytium-optee-v4.6.0/out/data/link/export-ta_arm64/lib/libutils.a(bget_malloc.o)
                                        0x5c0 (size before relaxing)
 .eh_frame      0x0000000000025108       0x48 /home/hfut/phytium-pi-os/output/build/phytium-optee-v4.6.0/out/data/link/export-ta_arm64/lib/libutils.a(snprintf.o)
                                         0x58 (size before relaxing)
 .eh_frame      0x0000000000025150       0x18 /home/hfut/phytium-pi-os/output/build/phytium-optee-v4.6.0/out/data/link/export-ta_arm64/lib/libutils.a(memcpy.o)
                                         0x30 (size before relaxing)
 .eh_frame      0x0000000000025168       0x18 /home/hfut/phytium-pi-os/output/build/phytium-optee-v4.6.0/out/data/link/export-ta_arm64/lib/libutils.a(memmove.o)
                                         0x30 (size before relaxing)
 .eh_frame      0x0000000000025180       0x18 /home/hfut/phytium-pi-os/output/build/phytium-optee-v4.6.0/out/data/link/export-ta_arm64/lib/libutils.a(memset.o)
                                         0x30 (size before relaxing)
 .eh_frame      0x0000000000025198       0x18 /home/hfut/phytium-pi-os/output/build/phytium-optee-v4.6.0/out/data/link/export-ta_arm64/lib/libutils.a(strcmp.o)
                                         0x30 (size before relaxing)
 .eh_frame      0x00000000000251b0       0x28 /home/hfut/phytium-pi-os/output/build/phytium-optee-v4.6.0/out/data/link/export-ta_arm64/lib/libutils.a(strlcpy.o)
                                         0x38 (size before relaxing)
 .eh_frame      0x00000000000251d8       0xf0 /home/hfut/phytium-pi-os/output/build/phytium-optee-v4.6.0/out/data/link/export-ta_arm64/lib/libutils.a(mempool.o)
                                        0x100 (size before relaxing)
 .eh_frame      0x00000000000252c8       0x18 /home/hfut/phytium-pi-os/output/build/phytium-optee-v4.6.0/out/data/link/export-ta_arm64/lib/libutils.a(consttime_memcmp.o)
                                         0x30 (size before relaxing)
 *(SORT_BY_ALIGNMENT(.eh_frame.*))

.gcc_except_table
 *(SORT_BY_ALIGNMENT(.gcc_except_table) SORT_BY_ALIGNMENT(.gcc_except_table.*))

.rodata         0x00000000000252e0     0x166e
 *(SORT_BY_ALIGNMENT(.gnu.linkonce.r.*))
 *(SORT_BY_ALIGNMENT(.rodata) SORT_BY_ALIGNMENT(.rodata.*))
 .rodata.media_crypto_ta.c
                0x00000000000252e0       0x50 ./media_crypto_ta.o
 .rodata.user_ta_header.c
                0x0000000000025330      0x180 ./user_ta_header.o
                0x0000000000025330                trace_ext_prefix
                0x0000000000025338                ta_heap_size
                0x0000000000025340                __ta_no_share_heap_size
                0x00000000000254a8                ta_num_props
 .rodata.lib/libutils/isoc/stack_check.c
                0x00000000000254b0       0x18 /home/hfut/phytium-pi-os/output/build/phytium-optee-v4.6.0/out/data/link/export-ta_arm64/lib/libutils.a(stack_check.o)
 .rodata.lib/libutils/ext/trace.c
                0x00000000000254c8       0x35 /home/hfut/phytium-pi-os/output/build/phytium-optee-v4.6.0/out/data/link/export-ta_arm64/lib/libutils.a(trace.o)
 *fill*         0x00000000000254fd        0x3 
 .rodata.lib/libutils/ext/snprintk.c
                0x0000000000025500      0x1f8 /home/hfut/phytium-pi-os/output/build/phytium-optee-v4.6.0/out/data/link/export-ta_arm64/lib/libutils.a(snprintk.o)
 .rodata.lib/libutee/trace_ext.c
                0x00000000000256f8        0x2 /home/hfut/phytium-pi-os/output/build/phytium-optee-v4.6.0/out/data/link/export-ta_arm64/lib/libutee.a(trace_ext.o)
 *fill*         0x00000000000256fa        0x6 
 .rodata.lib/libutee/tee_api.c
                0x0000000000025700       0x2b /home/hfut/phytium-pi-os/output/build/phytium-optee-v4.6.0/out/data/link/export-ta_arm64/lib/libutee.a(tee_api.o)
 *fill*         0x000000000002572b        0x5 
 .rodata.lib/libutee/tee_api_operations.c
                0x0000000000025730       0xaa /home/hfut/phytium-pi-os/output/build/phytium-optee-v4.6.0/out/data/link/export-ta_arm64/lib/libutee.a(tee_api_operations.o)
 *fill*         0x00000000000257da        0x6 
 .rodata.lib/libutee/tee_api_panic.c
                0x00000000000257e0       0x70 /home/hfut/phytium-pi-os/output/build/phytium-optee-v4.6.0/out/data/link/export-ta_arm64/lib/libutee.a(tee_api_panic.o)
 .rodata.lib/libutee/tee_system_pta.c
                0x0000000000025850       0x97 /home/hfut/phytium-pi-os/output/build/phytium-optee-v4.6.0/out/data/link/export-ta_arm64/lib/libutee.a(tee_system_pta.o)
 *fill*         0x00000000000258e7        0x1 
 .rodata.lib/libutee/user_ta_entry.c
                0x00000000000258e8       0x6e /home/hfut/phytium-pi-os/output/build/phytium-optee-v4.6.0/out/data/link/export-ta_arm64/lib/libutee.a(user_ta_entry.o)
 *fill*         0x0000000000025956        0x2 
 .rodata.lib/libutee/abort.c
                0x0000000000025958        0x7 /home/hfut/phytium-pi-os/output/build/phytium-optee-v4.6.0/out/data/link/export-ta_arm64/lib/libutee.a(abort.o)
 *fill*         0x000000000002595f        0x1 
 .rodata.lib/libutee/assert.c
                0x0000000000025960       0x27 /home/hfut/phytium-pi-os/output/build/phytium-optee-v4.6.0/out/data/link/export-ta_arm64/lib/libutee.a(assert.o)
 *fill*         0x0000000000025987        0x1 
 .rodata.lib/libutee/tee_api_arith_mpi.c
                0x0000000000025988      0x275 /home/hfut/phytium-pi-os/output/build/phytium-optee-v4.6.0/out/data/link/export-ta_arm64/lib/libutee.a(tee_api_arith_mpi.o)
 *fill*         0x0000000000025bfd        0x3 
 .rodata.lib/libutee/tee_api_property.c
                0x0000000000025c00       0xb0 /home/hfut/phytium-pi-os/output/build/phytium-optee-v4.6.0/out/data/link/export-ta_arm64/lib/libutee.a(tee_api_property.o)
 .rodata.lib/libutee/tcb.c
                0x0000000000025cb0       0xc0 /home/hfut/phytium-pi-os/output/build/phytium-optee-v4.6.0/out/data/link/export-ta_arm64/lib/libutee.a(tcb.o)
 .rodata.lib/libutee/base64.c
                0x0000000000025d70       0x41 /home/hfut/phytium-pi-os/output/build/phytium-optee-v4.6.0/out/data/link/export-ta_arm64/lib/libutee.a(base64.o)
 *fill*         0x0000000000025db1        0x7 
 .rodata.lib/libmbedtls/mbedtls/library/bignum.c
                0x0000000000025db8      0x76e /home/hfut/phytium-pi-os/output/build/phytium-optee-v4.6.0/out/data/link/export-ta_arm64/lib/libmbedtls.a(bignum.o)
 *fill*         0x0000000000026526        0x2 
 .rodata.lib/libutils/isoc/bget_malloc.c
                0x0000000000026528      0x35c /home/hfut/phytium-pi-os/output/build/phytium-optee-v4.6.0/out/data/link/export-ta_arm64/lib/libutils.a(bget_malloc.o)
 *fill*         0x0000000000026884        0x4 
 .rodata.lib/libutils/ext/mempool.c
                0x0000000000026888       0xc6 /home/hfut/phytium-pi-os/output/build/phytium-optee-v4.6.0/out/data/link/export-ta_arm64/lib/libutils.a(mempool.o)

.gnu.version_d  0x0000000000026950        0x0
 .gnu.version_d
                0x0000000000026950        0x0 ./media_crypto_ta.o

.gnu.version    0x000000000002694e        0x0
 .gnu.version   0x000000000002694e        0x0 ./media_crypto_ta.o

.gnu.version_r  0x0000000000026950        0x0
 .gnu.version_r
                0x0000000000026950        0x0 ./media_crypto_ta.o

.gnu.hash       0x0000000000026950       0x34
 .gnu.hash      0x0000000000026950       0x34 ./media_crypto_ta.o

.ta_head        0x0000000000026988       0x20
 .ta_head       0x0000000000026988       0x20 ./user_ta_header.o
                0x0000000000026988                ta_head

.ARM.extab
 *(SORT_BY_ALIGNMENT(.ARM.extab*) SORT_BY_ALIGNMENT(.gnu.linkonce.armextab.*))
                [!provide]                        PROVIDE (__exidx_start = .)

.ARM.exidx
 *(SORT_BY_ALIGNMENT(.ARM.exidx*) SORT_BY_ALIGNMENT(.gnu.linkonce.armexidx.*))
                [!provide]                        PROVIDE (__exidx_end = .)

.ctors
 *(SORT_BY_ALIGNMENT(.ctors))

.dtors
 *(SORT_BY_ALIGNMENT(.dtors))

.dynsym         0x00000000000269a8       0xa8
 *(SORT_BY_ALIGNMENT(.dynsym))
 .dynsym        0x00000000000269a8       0xa8 ./media_crypto_ta.o

.dynstr         0x0000000000026a50       0x36
 *(SORT_BY_ALIGNMENT(.dynstr))
 .dynstr        0x0000000000026a50       0x36 ./media_crypto_ta.o

.hash           0x0000000000026a88       0x30
 *(SORT_BY_ALIGNMENT(.hash))
 .hash          0x0000000000026a88       0x30 ./media_crypto_ta.o

.rela.dyn       0x0000000000026ab8      0x348
 .rela.data.rel.ro
                0x0000000000026ab8        0x0 ./media_crypto_ta.o
 .rela.ifunc    0x0000000000026ab8        0x0 ./media_crypto_ta.o
 .rela.data.rel.ro.local
                0x0000000000026ab8      0x2d0 ./media_crypto_ta.o
 .rela.data.rel.local
                0x0000000000026d88       0x60 ./media_crypto_ta.o
 .rela.data.rel
                0x0000000000026de8       0x18 ./media_crypto_ta.o
                0x0000000000027000                . = ALIGN (0x1000)

.dynamic        0x0000000000027000      0x110
 *(SORT_BY_ALIGNMENT(.dynamic))
 .dynamic       0x0000000000027000      0x110 ./media_crypto_ta.o
                0x0000000000027000                _DYNAMIC

.tdata
 *(SORT_BY_ALIGNMENT(.tdata) SORT_BY_ALIGNMENT(.tdata.*) SORT_BY_ALIGNMENT(.gnu.linkonce.td.*))

.tbss
 *(SORT_BY_ALIGNMENT(.tbss) SORT_BY_ALIGNMENT(.tbss.*) SORT_BY_ALIGNMENT(.gnu.linkonce.tb.*))
 *(SORT_BY_ALIGNMENT(.tcommon))

.got            0x0000000000027110       0xd0
 *(SORT_BY_ALIGNMENT(.got.plt))
 .got.plt       0x0000000000027110       0x18 ./media_crypto_ta.o
 *(SORT_BY_ALIGNMENT(.got))
 .got           0x0000000000027128       0xb8 ./media_crypto_ta.o
                0x0000000000027128                _GLOBAL_OFFSET_TABLE_

.rel.text
 *(SORT_BY_ALIGNMENT(.rel.text))
 *(SORT_BY_ALIGNMENT(.rel.gnu.linkonce.t*))

.rela.text
 *(SORT_BY_ALIGNMENT(.rela.text))
 *(SORT_BY_ALIGNMENT(.rela.gnu.linkonce.t*))

.rel.data
 *(SORT_BY_ALIGNMENT(.rel.data))
 *(SORT_BY_ALIGNMENT(.rel.gnu.linkonce.d*))

.rela.data
 *(SORT_BY_ALIGNMENT(.rela.data))
 *(SORT_BY_ALIGNMENT(.rela.gnu.linkonce.d*))

.rel.tdata
 *(SORT_BY_ALIGNMENT(.rel.tdata) SORT_BY_ALIGNMENT(.rel.tdata.*) SORT_BY_ALIGNMENT(.rel.gnu.linkonce.td.*))

.rela.tdata
 *(SORT_BY_ALIGNMENT(.rela.tdata) SORT_BY_ALIGNMENT(.rela.tdata.*) SORT_BY_ALIGNMENT(.rela.gnu.linkonce.td.*))

.rel.tbss
 *(SORT_BY_ALIGNMENT(.rel.tbss) SORT_BY_ALIGNMENT(.rel.tbss.*) SORT_BY_ALIGNMENT(.rel.gnu.linkonce.tb.*))

.rela.tbss
 *(SORT_BY_ALIGNMENT(.rela.tbss) SORT_BY_ALIGNMENT(.rela.tbss.*) SORT_BY_ALIGNMENT(.rela.gnu.linkonce.tb.*))

.rel.rodata
 *(SORT_BY_ALIGNMENT(.rel.rodata))
 *(SORT_BY_ALIGNMENT(.rel.gnu.linkonce.r*))

.rela.rodata
 *(SORT_BY_ALIGNMENT(.rela.rodata))
 *(SORT_BY_ALIGNMENT(.rela.gnu.linkonce.r*))

.rel.dyn
 *(SORT_BY_ALIGNMENT(.rel.dyn))

.rel.got
 *(SORT_BY_ALIGNMENT(.rel.got))

.rela.got       0x00000000000271e0      0x210
 *(SORT_BY_ALIGNMENT(.rela.got))
 .rela.got      0x00000000000271e0      0x210 ./media_crypto_ta.o

.rel.ctors
 *(SORT_BY_ALIGNMENT(.rel.ctors))

.rela.ctors
 *(SORT_BY_ALIGNMENT(.rela.ctors))

.rel.dtors
 *(SORT_BY_ALIGNMENT(.rel.dtors))

.rela.dtors
 *(SORT_BY_ALIGNMENT(.rela.dtors))

.rel.init
 *(SORT_BY_ALIGNMENT(.rel.init))

.rela.init
 *(SORT_BY_ALIGNMENT(.rela.init))

.rel.fini
 *(SORT_BY_ALIGNMENT(.rel.fini))

.rela.fini
 *(SORT_BY_ALIGNMENT(.rela.fini))

.rel.bss
 *(SORT_BY_ALIGNMENT(.rel.bss))

.rela.bss       0x00000000000273f0        0x0
 *(SORT_BY_ALIGNMENT(.rela.bss))
 .rela.bss      0x00000000000273f0        0x0 ./media_crypto_ta.o

.rel.plt
 *(SORT_BY_ALIGNMENT(.rel.plt))

.rela.plt       0x00000000000273f0        0x0
 *(SORT_BY_ALIGNMENT(.rela.plt))
 .rela.plt      0x00000000000273f0        0x0 ./media_crypto_ta.o

.data           0x00000000000273f0      0x1cc
 *(SORT_BY_ALIGNMENT(.data) SORT_BY_ALIGNMENT(.data.*) SORT_BY_ALIGNMENT(.gnu.linkonce.d.*))
 .data.rel.ro.local
                0x00000000000273f0      0x108 ./user_ta_header.o
                0x00000000000273f0                ta_props
 .data          0x00000000000274f8        0x8 /home/hfut/phytium-pi-os/output/build/phytium-optee-v4.6.0/out/data/link/export-ta_arm64/lib/libutils.a(stack_check.o)
                0x00000000000274f8                __stack_chk_guard
 .data.rel.local
                0x0000000000027500       0x20 /home/hfut/phytium-pi-os/output/build/phytium-optee-v4.6.0/out/data/link/export-ta_arm64/lib/libutee.a(user_ta_entry.o)
 .data.rel.ro.local
                0x0000000000027520       0x60 /home/hfut/phytium-pi-os/output/build/phytium-optee-v4.6.0/out/data/link/export-ta_arm64/lib/libutee.a(tee_api_property.o)
                0x0000000000027520                tee_props
 .data.rel      0x0000000000027580        0x8 /home/hfut/phytium-pi-os/output/build/phytium-optee-v4.6.0/out/data/link/export-ta_arm64/lib/libmbedtls.a(platform_util.o)
 .data.rel.local
                0x0000000000027588       0x30 /home/hfut/phytium-pi-os/output/build/phytium-optee-v4.6.0/out/data/link/export-ta_arm64/lib/libutils.a(bget_malloc.o)
 .data          0x00000000000275b8        0x4 ./user_ta_header.o
                0x00000000000275b8                trace_level
 .data          0x00000000000275bc        0x0 ./media_crypto_ta.o
 .data.rel.ro   0x00000000000275bc        0x0 ./media_crypto_ta.o
 .data          0x00000000000275bc        0x0 /home/hfut/phytium-pi-os/output/build/phytium-optee-v4.6.0/out/data/link/export-ta_arm64/lib/libutils.a(trace.o)
 .data          0x00000000000275bc        0x0 /home/hfut/phytium-pi-os/output/build/phytium-optee-v4.6.0/out/data/link/export-ta_arm64/lib/libutils.a(snprintk.o)
 .data          0x00000000000275bc        0x0 /home/hfut/phytium-pi-os/output/build/phytium-optee-v4.6.0/out/data/link/export-ta_arm64/lib/libutils.a(memchr.o)
 .data          0x00000000000275bc        0x0 /home/hfut/phytium-pi-os/output/build/phytium-optee-v4.6.0/out/data/link/export-ta_arm64/lib/libutils.a(strlen.o)
 .data          0x00000000000275bc        0x0 /home/hfut/phytium-pi-os/output/build/phytium-optee-v4.6.0/out/data/link/export-ta_arm64/lib/libutee.a(trace_ext.o)
 .data          0x00000000000275bc        0x0 /home/hfut/phytium-pi-os/output/build/phytium-optee-v4.6.0/out/data/link/export-ta_arm64/lib/libutee.a(tee_api.o)
 .data          0x00000000000275bc        0x0 /home/hfut/phytium-pi-os/output/build/phytium-optee-v4.6.0/out/data/link/export-ta_arm64/lib/libutee.a(tee_api_objects.o)
 .data          0x00000000000275bc        0x0 /home/hfut/phytium-pi-os/output/build/phytium-optee-v4.6.0/out/data/link/export-ta_arm64/lib/libutee.a(tee_api_operations.o)
 .data          0x00000000000275bc        0x0 /home/hfut/phytium-pi-os/output/build/phytium-optee-v4.6.0/out/data/link/export-ta_arm64/lib/libutee.a(tee_api_panic.o)
 .data          0x00000000000275bc        0x0 /home/hfut/phytium-pi-os/output/build/phytium-optee-v4.6.0/out/data/link/export-ta_arm64/lib/libutee.a(tee_system_pta.o)
 .data          0x00000000000275bc        0x0 /home/hfut/phytium-pi-os/output/build/phytium-optee-v4.6.0/out/data/link/export-ta_arm64/lib/libutee.a(user_ta_entry.o)
 .data          0x00000000000275bc        0x0 /home/hfut/phytium-pi-os/output/build/phytium-optee-v4.6.0/out/data/link/export-ta_arm64/lib/libutee.a(utee_syscalls_a64.o)
 .data          0x00000000000275bc        0x0 /home/hfut/phytium-pi-os/output/build/phytium-optee-v4.6.0/out/data/link/export-ta_arm64/lib/libutee.a(abort.o)
 .data          0x00000000000275bc        0x0 /home/hfut/phytium-pi-os/output/build/phytium-optee-v4.6.0/out/data/link/export-ta_arm64/lib/libutee.a(assert.o)
 .data          0x00000000000275bc        0x0 /home/hfut/phytium-pi-os/output/build/phytium-optee-v4.6.0/out/data/link/export-ta_arm64/lib/libutee.a(tee_api_arith_mpi.o)
 .data          0x00000000000275bc        0x0 /home/hfut/phytium-pi-os/output/build/phytium-optee-v4.6.0/out/data/link/export-ta_arm64/lib/libutee.a(tee_api_property.o)
 .data          0x00000000000275bc        0x0 /home/hfut/phytium-pi-os/output/build/phytium-optee-v4.6.0/out/data/link/export-ta_arm64/lib/libutee.a(tcb.o)
 .data          0x00000000000275bc        0x0 /home/hfut/phytium-pi-os/output/build/phytium-optee-v4.6.0/out/data/link/export-ta_arm64/lib/libutee.a(base64.o)
 .data          0x00000000000275bc        0x0 /home/hfut/phytium-pi-os/output/build/phytium-optee-v4.6.0/out/data/link/export-ta_arm64/lib/libmbedtls.a(bignum.o)
 .data          0x00000000000275bc        0x0 /home/hfut/phytium-pi-os/output/build/phytium-optee-v4.6.0/out/data/link/export-ta_arm64/lib/libmbedtls.a(bignum_core.o)
 .data          0x00000000000275bc        0x0 /home/hfut/phytium-pi-os/output/build/phytium-optee-v4.6.0/out/data/link/export-ta_arm64/lib/libmbedtls.a(constant_time.o)
 .data          0x00000000000275bc        0x0 /home/hfut/phytium-pi-os/output/build/phytium-optee-v4.6.0/out/data/link/export-ta_arm64/lib/libmbedtls.a(platform_util.o)
 .data          0x00000000000275bc        0x0 /home/hfut/phytium-pi-os/output/build/phytium-optee-v4.6.0/out/data/link/export-ta_arm64/lib/libutils.a(bget_malloc.o)
 .data          0x00000000000275bc        0x0 /home/hfut/phytium-pi-os/output/build/phytium-optee-v4.6.0/out/data/link/export-ta_arm64/lib/libutils.a(snprintf.o)
 .data          0x00000000000275bc        0x0 /home/hfut/phytium-pi-os/output/build/phytium-optee-v4.6.0/out/data/link/export-ta_arm64/lib/libutils.a(memcpy.o)
 .data          0x00000000000275bc        0x0 /home/hfut/phytium-pi-os/output/build/phytium-optee-v4.6.0/out/data/link/export-ta_arm64/lib/libutils.a(memmove.o)
 .data          0x00000000000275bc        0x0 /home/hfut/phytium-pi-os/output/build/phytium-optee-v4.6.0/out/data/link/export-ta_arm64/lib/libutils.a(memset.o)
 .data          0x00000000000275bc        0x0 /home/hfut/phytium-pi-os/output/build/phytium-optee-v4.6.0/out/data/link/export-ta_arm64/lib/libutils.a(strcmp.o)
 .data          0x00000000000275bc        0x0 /home/hfut/phytium-pi-os/output/build/phytium-optee-v4.6.0/out/data/link/export-ta_arm64/lib/libutils.a(strlcpy.o)
 .data          0x00000000000275bc        0x0 /home/hfut/phytium-pi-os/output/build/phytium-optee-v4.6.0/out/data/link/export-ta_arm64/lib/libutils.a(mempool.o)
 .data          0x00000000000275bc        0x0 /home/hfut/phytium-pi-os/output/build/phytium-optee-v4.6.0/out/data/link/export-ta_arm64/lib/libutils.a(consttime_memcmp.o)

.bss            0x00000000000275c0     0xb8a8
 *(SORT_BY_ALIGNMENT(.bss) SORT_BY_ALIGNMENT(.bss.*) SORT_BY_ALIGNMENT(.gnu.linkonce.b.*) SORT_BY_ALIGNMENT(COMMON))
 .bss           0x00000000000275c0     0x8001 ./user_ta_header.o
                0x00000000000275c0                ta_heap
                0x000000000002f5c0                __ta_no_share_heap
 *fill*         0x000000000002f5c1        0x7 
 .bss           0x000000000002f5c8       0x10 /home/hfut/phytium-pi-os/output/build/phytium-optee-v4.6.0/out/data/link/export-ta_arm64/lib/libutee.a(tee_api.o)
 .bss           0x000000000002f5d8        0x8 /home/hfut/phytium-pi-os/output/build/phytium-optee-v4.6.0/out/data/link/export-ta_arm64/lib/libutee.a(tee_system_pta.o)
 .bss           0x000000000002f5e0       0x70 /home/hfut/phytium-pi-os/output/build/phytium-optee-v4.6.0/out/data/link/export-ta_arm64/lib/libutee.a(user_ta_entry.o)
                0x000000000002f5e0                ta_param_types
                0x000000000002f5e8                ta_params
                0x000000000002f628                __ta_no_share_malloc_ctx
                0x000000000002f630                __elf_phdr_info
 .bss           0x000000000002f650     0x3800 /home/hfut/phytium-pi-os/output/build/phytium-optee-v4.6.0/out/data/link/export-ta_arm64/lib/libutee.a(tee_api_arith_mpi.o)
 .bss           0x0000000000032e50       0x10 /home/hfut/phytium-pi-os/output/build/phytium-optee-v4.6.0/out/data/link/export-ta_arm64/lib/libutee.a(tcb.o)
 .bss           0x0000000000032e60        0x8 /home/hfut/phytium-pi-os/output/build/phytium-optee-v4.6.0/out/data/link/export-ta_arm64/lib/libmbedtls.a(bignum.o)
                0x0000000000032e60                mbedtls_mpi_mempool
 .bss           0x0000000000032e68        0x0 ./media_crypto_ta.o
 .bss           0x0000000000032e68        0x0 /home/hfut/phytium-pi-os/output/build/phytium-optee-v4.6.0/out/data/link/export-ta_arm64/lib/libutils.a(stack_check.o)
 .bss           0x0000000000032e68        0x0 /home/hfut/phytium-pi-os/output/build/phytium-optee-v4.6.0/out/data/link/export-ta_arm64/lib/libutils.a(trace.o)
 .bss           0x0000000000032e68        0x0 /home/hfut/phytium-pi-os/output/build/phytium-optee-v4.6.0/out/data/link/export-ta_arm64/lib/libutils.a(snprintk.o)
 .bss           0x0000000000032e68        0x0 /home/hfut/phytium-pi-os/output/build/phytium-optee-v4.6.0/out/data/link/export-ta_arm64/lib/libutils.a(memchr.o)
 .bss           0x0000000000032e68        0x0 /home/hfut/phytium-pi-os/output/build/phytium-optee-v4.6.0/out/data/link/export-ta_arm64/lib/libutils.a(strlen.o)
 .bss           0x0000000000032e68        0x0 /home/hfut/phytium-pi-os/output/build/phytium-optee-v4.6.0/out/data/link/export-ta_arm64/lib/libutee.a(trace_ext.o)
 .bss           0x0000000000032e68        0x0 /home/hfut/phytium-pi-os/output/build/phytium-optee-v4.6.0/out/data/link/export-ta_arm64/lib/libutee.a(tee_api_objects.o)
 .bss           0x0000000000032e68        0x0 /home/hfut/phytium-pi-os/output/build/phytium-optee-v4.6.0/out/data/link/export-ta_arm64/lib/libutee.a(tee_api_operations.o)
 .bss           0x0000000000032e68        0x0 /home/hfut/phytium-pi-os/output/build/phytium-optee-v4.6.0/out/data/link/export-ta_arm64/lib/libutee.a(tee_api_panic.o)
 .bss           0x0000000000032e68        0x0 /home/hfut/phytium-pi-os/output/build/phytium-optee-v4.6.0/out/data/link/export-ta_arm64/lib/libutee.a(utee_syscalls_a64.o)
 .bss           0x0000000000032e68        0x0 /home/hfut/phytium-pi-os/output/build/phytium-optee-v4.6.0/out/data/link/export-ta_arm64/lib/libutee.a(abort.o)
 .bss           0x0000000000032e68        0x0 /home/hfut/phytium-pi-os/output/build/phytium-optee-v4.6.0/out/data/link/export-ta_arm64/lib/libutee.a(assert.o)
 .bss           0x0000000000032e68        0x0 /home/hfut/phytium-pi-os/output/build/phytium-optee-v4.6.0/out/data/link/export-ta_arm64/lib/libutee.a(tee_api_property.o)
 .bss           0x0000000000032e68        0x0 /home/hfut/phytium-pi-os/output/build/phytium-optee-v4.6.0/out/data/link/export-ta_arm64/lib/libutee.a(base64.o)
 .bss           0x0000000000032e68        0x0 /home/hfut/phytium-pi-os/output/build/phytium-optee-v4.6.0/out/data/link/export-ta_arm64/lib/libmbedtls.a(bignum_core.o)
 .bss           0x0000000000032e68        0x0 /home/hfut/phytium-pi-os/output/build/phytium-optee-v4.6.0/out/data/link/export-ta_arm64/lib/libmbedtls.a(constant_time.o)
 .bss           0x0000000000032e68        0x0 /home/hfut/phytium-pi-os/output/build/phytium-optee-v4.6.0/out/data/link/export-ta_arm64/lib/libmbedtls.a(platform_util.o)
 .bss           0x0000000000032e68        0x0 /home/hfut/phytium-pi-os/output/build/phytium-optee-v4.6.0/out/data/link/export-ta_arm64/lib/libutils.a(bget_malloc.o)
 .bss           0x0000000000032e68        0x0 /home/hfut/phytium-pi-os/output/build/phytium-optee-v4.6.0/out/data/link/export-ta_arm64/lib/libutils.a(snprintf.o)
 .bss           0x0000000000032e68        0x0 /home/hfut/phytium-pi-os/output/build/phytium-optee-v4.6.0/out/data/link/export-ta_arm64/lib/libutils.a(memcpy.o)
 .bss           0x0000000000032e68        0x0 /home/hfut/phytium-pi-os/output/build/phytium-optee-v4.6.0/out/data/link/export-ta_arm64/lib/libutils.a(memmove.o)
 .bss           0x0000000000032e68        0x0 /home/hfut/phytium-pi-os/output/build/phytium-optee-v4.6.0/out/data/link/export-ta_arm64/lib/libutils.a(memset.o)
 .bss           0x0000000000032e68        0x0 /home/hfut/phytium-pi-os/output/build/phytium-optee-v4.6.0/out/data/link/export-ta_arm64/lib/libutils.a(strcmp.o)
 .bss           0x0000000000032e68        0x0 /home/hfut/phytium-pi-os/output/build/phytium-optee-v4.6.0/out/data/link/export-ta_arm64/lib/libutils.a(strlcpy.o)
 .bss           0x0000000000032e68        0x0 /home/hfut/phytium-pi-os/output/build/phytium-optee-v4.6.0/out/data/link/export-ta_arm64/lib/libutils.a(mempool.o)
 .bss           0x0000000000032e68        0x0 /home/hfut/phytium-pi-os/output/build/phytium-optee-v4.6.0/out/data/link/export-ta_arm64/lib/libutils.a(consttime_memcmp.o)
                0x0000000000032e68                . = ALIGN (0x8)
                0x0000000000032e68                __ftrace_buf_start = .
                0x0000000000032e68                . = (. + DEFINED (_mcount)?0x800:0x0)
                0x0000000000032e68                __ftrace_buf_end = .

.dynbss         0x0000000000032e68        0x0
 .dynbss        0x0000000000032e68        0x0 ./media_crypto_ta.o

/DISCARD/
 *(SORT_BY_ALIGNMENT(.interp))
LOAD ./media_crypto_ta.o
LOAD ./user_ta_header.o
START GROUP
LOAD /home/hfut/phytium-pi-os/output/build/phytium-optee-v4.6.0/out/data/link/export-ta_arm64/lib/libutils.a
LOAD /home/hfut/phytium-pi-os/output/build/phytium-optee-v4.6.0/out/data/link/export-ta_arm64/lib/libutee.a
LOAD /home/hfut/phytium-pi-os/output/build/phytium-optee-v4.6.0/out/data/link/export-ta_arm64/lib/libmbedtls.a
LOAD /home/hfut/phytium-pi-os/output/build/phytium-optee-v4.6.0/out/data/link/export-ta_arm64/lib/libdl.a
END GROUP
LOAD /home/hfut/phytium-pi-os/output/host/opt/ext-toolchain/bin/../lib/gcc/aarch64-none-linux-gnu/12.2.1/libgcc.a
LOAD /home/hfut/phytium-pi-os/output/build/phytium-optee-v4.6.0/out/data/link/export-ta_arm64/lib/libutils.a
OUTPUT(8aaaf200-2450-11e4-abe20002a5d5c51b.elf elf64-littleaarch64)
LOAD linker stubs

.debug_info     0x0000000000000000    0x148d2
 .debug_info    0x0000000000000000      0xae3 ./media_crypto_ta.o
 .debug_info    0x0000000000000ae3      0x492 ./user_ta_header.o
 .debug_info    0x0000000000000f75       0xf9 /home/hfut/phytium-pi-os/output/build/phytium-optee-v4.6.0/out/data/link/export-ta_arm64/lib/libutils.a(stack_check.o)
 .debug_info    0x000000000000106e      0x4a6 /home/hfut/phytium-pi-os/output/build/phytium-optee-v4.6.0/out/data/link/export-ta_arm64/lib/libutils.a(trace.o)
 .debug_info    0x0000000000001514      0x61b /home/hfut/phytium-pi-os/output/build/phytium-optee-v4.6.0/out/data/link/export-ta_arm64/lib/libutils.a(snprintk.o)
 .debug_info    0x0000000000001b2f      0x113 /home/hfut/phytium-pi-os/output/build/phytium-optee-v4.6.0/out/data/link/export-ta_arm64/lib/libutils.a(memchr.o)
 .debug_info    0x0000000000001c42       0xc6 /home/hfut/phytium-pi-os/output/build/phytium-optee-v4.6.0/out/data/link/export-ta_arm64/lib/libutils.a(strlen.o)
 .debug_info    0x0000000000001d08      0x28c /home/hfut/phytium-pi-os/output/build/phytium-optee-v4.6.0/out/data/link/export-ta_arm64/lib/libutee.a(trace_ext.o)
 .debug_info    0x0000000000001f94     0x1872 /home/hfut/phytium-pi-os/output/build/phytium-optee-v4.6.0/out/data/link/export-ta_arm64/lib/libutee.a(tee_api.o)
 .debug_info    0x0000000000003806     0x1abf /home/hfut/phytium-pi-os/output/build/phytium-optee-v4.6.0/out/data/link/export-ta_arm64/lib/libutee.a(tee_api_objects.o)
 .debug_info    0x00000000000052c5     0x2ce6 /home/hfut/phytium-pi-os/output/build/phytium-optee-v4.6.0/out/data/link/export-ta_arm64/lib/libutee.a(tee_api_operations.o)
 .debug_info    0x0000000000007fab      0x4d7 /home/hfut/phytium-pi-os/output/build/phytium-optee-v4.6.0/out/data/link/export-ta_arm64/lib/libutee.a(tee_api_panic.o)
 .debug_info    0x0000000000008482      0x5d3 /home/hfut/phytium-pi-os/output/build/phytium-optee-v4.6.0/out/data/link/export-ta_arm64/lib/libutee.a(tee_system_pta.o)
 .debug_info    0x0000000000008a55     0x1008 /home/hfut/phytium-pi-os/output/build/phytium-optee-v4.6.0/out/data/link/export-ta_arm64/lib/libutee.a(user_ta_entry.o)
 .debug_info    0x0000000000009a5d      0x342 /home/hfut/phytium-pi-os/output/build/phytium-optee-v4.6.0/out/data/link/export-ta_arm64/lib/libutee.a(utee_syscalls_a64.o)
 .debug_info    0x0000000000009d9f       0xb3 /home/hfut/phytium-pi-os/output/build/phytium-optee-v4.6.0/out/data/link/export-ta_arm64/lib/libutee.a(abort.o)
 .debug_info    0x0000000000009e52      0x139 /home/hfut/phytium-pi-os/output/build/phytium-optee-v4.6.0/out/data/link/export-ta_arm64/lib/libutee.a(assert.o)
 .debug_info    0x0000000000009f8b     0x2958 /home/hfut/phytium-pi-os/output/build/phytium-optee-v4.6.0/out/data/link/export-ta_arm64/lib/libutee.a(tee_api_arith_mpi.o)
 .debug_info    0x000000000000c8e3      0xe65 /home/hfut/phytium-pi-os/output/build/phytium-optee-v4.6.0/out/data/link/export-ta_arm64/lib/libutee.a(tee_api_property.o)
 .debug_info    0x000000000000d748      0x663 /home/hfut/phytium-pi-os/output/build/phytium-optee-v4.6.0/out/data/link/export-ta_arm64/lib/libutee.a(tcb.o)
 .debug_info    0x000000000000ddab      0x2cb /home/hfut/phytium-pi-os/output/build/phytium-optee-v4.6.0/out/data/link/export-ta_arm64/lib/libutee.a(base64.o)
 .debug_info    0x000000000000e076     0x21f8 /home/hfut/phytium-pi-os/output/build/phytium-optee-v4.6.0/out/data/link/export-ta_arm64/lib/libmbedtls.a(bignum.o)
 .debug_info    0x000000000001026e     0x158c /home/hfut/phytium-pi-os/output/build/phytium-optee-v4.6.0/out/data/link/export-ta_arm64/lib/libmbedtls.a(bignum_core.o)
 .debug_info    0x00000000000117fa      0x9ed /home/hfut/phytium-pi-os/output/build/phytium-optee-v4.6.0/out/data/link/export-ta_arm64/lib/libmbedtls.a(constant_time.o)
 .debug_info    0x00000000000121e7      0x35e /home/hfut/phytium-pi-os/output/build/phytium-optee-v4.6.0/out/data/link/export-ta_arm64/lib/libmbedtls.a(platform_util.o)
 .debug_info    0x0000000000012545     0x16fc /home/hfut/phytium-pi-os/output/build/phytium-optee-v4.6.0/out/data/link/export-ta_arm64/lib/libutils.a(bget_malloc.o)
 .debug_info    0x0000000000013c41      0x1cd /home/hfut/phytium-pi-os/output/build/phytium-optee-v4.6.0/out/data/link/export-ta_arm64/lib/libutils.a(snprintf.o)
 .debug_info    0x0000000000013e0e      0x10e /home/hfut/phytium-pi-os/output/build/phytium-optee-v4.6.0/out/data/link/export-ta_arm64/lib/libutils.a(memcpy.o)
 .debug_info    0x0000000000013f1c      0x10e /home/hfut/phytium-pi-os/output/build/phytium-optee-v4.6.0/out/data/link/export-ta_arm64/lib/libutils.a(memmove.o)
 .debug_info    0x000000000001402a       0xfd /home/hfut/phytium-pi-os/output/build/phytium-optee-v4.6.0/out/data/link/export-ta_arm64/lib/libutils.a(memset.o)
 .debug_info    0x0000000000014127       0xc6 /home/hfut/phytium-pi-os/output/build/phytium-optee-v4.6.0/out/data/link/export-ta_arm64/lib/libutils.a(strcmp.o)
 .debug_info    0x00000000000141ed      0x106 /home/hfut/phytium-pi-os/output/build/phytium-optee-v4.6.0/out/data/link/export-ta_arm64/lib/libutils.a(strlcpy.o)
 .debug_info    0x00000000000142f3      0x4cd /home/hfut/phytium-pi-os/output/build/phytium-optee-v4.6.0/out/data/link/export-ta_arm64/lib/libutils.a(mempool.o)
 .debug_info    0x00000000000147c0      0x112 /home/hfut/phytium-pi-os/output/build/phytium-optee-v4.6.0/out/data/link/export-ta_arm64/lib/libutils.a(consttime_memcmp.o)

.debug_abbrev   0x0000000000000000     0x39a3
 .debug_abbrev  0x0000000000000000      0x30b ./media_crypto_ta.o
 .debug_abbrev  0x000000000000030b      0x1d9 ./user_ta_header.o
 .debug_abbrev  0x00000000000004e4       0x95 /home/hfut/phytium-pi-os/output/build/phytium-optee-v4.6.0/out/data/link/export-ta_arm64/lib/libutils.a(stack_check.o)
 .debug_abbrev  0x0000000000000579      0x1ff /home/hfut/phytium-pi-os/output/build/phytium-optee-v4.6.0/out/data/link/export-ta_arm64/lib/libutils.a(trace.o)
 .debug_abbrev  0x0000000000000778      0x1e3 /home/hfut/phytium-pi-os/output/build/phytium-optee-v4.6.0/out/data/link/export-ta_arm64/lib/libutils.a(snprintk.o)
 .debug_abbrev  0x000000000000095b       0xbd /home/hfut/phytium-pi-os/output/build/phytium-optee-v4.6.0/out/data/link/export-ta_arm64/lib/libutils.a(memchr.o)
 .debug_abbrev  0x0000000000000a18       0x81 /home/hfut/phytium-pi-os/output/build/phytium-optee-v4.6.0/out/data/link/export-ta_arm64/lib/libutils.a(strlen.o)
 .debug_abbrev  0x0000000000000a99      0x15b /home/hfut/phytium-pi-os/output/build/phytium-optee-v4.6.0/out/data/link/export-ta_arm64/lib/libutee.a(trace_ext.o)
 .debug_abbrev  0x0000000000000bf4      0x345 /home/hfut/phytium-pi-os/output/build/phytium-optee-v4.6.0/out/data/link/export-ta_arm64/lib/libutee.a(tee_api.o)
 .debug_abbrev  0x0000000000000f39      0x29d /home/hfut/phytium-pi-os/output/build/phytium-optee-v4.6.0/out/data/link/export-ta_arm64/lib/libutee.a(tee_api_objects.o)
 .debug_abbrev  0x00000000000011d6      0x32e /home/hfut/phytium-pi-os/output/build/phytium-optee-v4.6.0/out/data/link/export-ta_arm64/lib/libutee.a(tee_api_operations.o)
 .debug_abbrev  0x0000000000001504      0x17c /home/hfut/phytium-pi-os/output/build/phytium-optee-v4.6.0/out/data/link/export-ta_arm64/lib/libutee.a(tee_api_panic.o)
 .debug_abbrev  0x0000000000001680      0x1e1 /home/hfut/phytium-pi-os/output/build/phytium-optee-v4.6.0/out/data/link/export-ta_arm64/lib/libutee.a(tee_system_pta.o)
 .debug_abbrev  0x0000000000001861      0x3f2 /home/hfut/phytium-pi-os/output/build/phytium-optee-v4.6.0/out/data/link/export-ta_arm64/lib/libutee.a(user_ta_entry.o)
 .debug_abbrev  0x0000000000001c53       0x1f /home/hfut/phytium-pi-os/output/build/phytium-optee-v4.6.0/out/data/link/export-ta_arm64/lib/libutee.a(utee_syscalls_a64.o)
 .debug_abbrev  0x0000000000001c72       0x64 /home/hfut/phytium-pi-os/output/build/phytium-optee-v4.6.0/out/data/link/export-ta_arm64/lib/libutee.a(abort.o)
 .debug_abbrev  0x0000000000001cd6       0xa6 /home/hfut/phytium-pi-os/output/build/phytium-optee-v4.6.0/out/data/link/export-ta_arm64/lib/libutee.a(assert.o)
 .debug_abbrev  0x0000000000001d7c      0x370 /home/hfut/phytium-pi-os/output/build/phytium-optee-v4.6.0/out/data/link/export-ta_arm64/lib/libutee.a(tee_api_arith_mpi.o)
 .debug_abbrev  0x00000000000020ec      0x28a /home/hfut/phytium-pi-os/output/build/phytium-optee-v4.6.0/out/data/link/export-ta_arm64/lib/libutee.a(tee_api_property.o)
 .debug_abbrev  0x0000000000002376      0x22c /home/hfut/phytium-pi-os/output/build/phytium-optee-v4.6.0/out/data/link/export-ta_arm64/lib/libutee.a(tcb.o)
 .debug_abbrev  0x00000000000025a2      0x110 /home/hfut/phytium-pi-os/output/build/phytium-optee-v4.6.0/out/data/link/export-ta_arm64/lib/libutee.a(base64.o)
 .debug_abbrev  0x00000000000026b2      0x323 /home/hfut/phytium-pi-os/output/build/phytium-optee-v4.6.0/out/data/link/export-ta_arm64/lib/libmbedtls.a(bignum.o)
 .debug_abbrev  0x00000000000029d5      0x2cd /home/hfut/phytium-pi-os/output/build/phytium-optee-v4.6.0/out/data/link/export-ta_arm64/lib/libmbedtls.a(bignum_core.o)
 .debug_abbrev  0x0000000000002ca2      0x24d /home/hfut/phytium-pi-os/output/build/phytium-optee-v4.6.0/out/data/link/export-ta_arm64/lib/libmbedtls.a(constant_time.o)
 .debug_abbrev  0x0000000000002eef      0x11b /home/hfut/phytium-pi-os/output/build/phytium-optee-v4.6.0/out/data/link/export-ta_arm64/lib/libmbedtls.a(platform_util.o)
 .debug_abbrev  0x000000000000300a      0x321 /home/hfut/phytium-pi-os/output/build/phytium-optee-v4.6.0/out/data/link/export-ta_arm64/lib/libutils.a(bget_malloc.o)
 .debug_abbrev  0x000000000000332b      0x110 /home/hfut/phytium-pi-os/output/build/phytium-optee-v4.6.0/out/data/link/export-ta_arm64/lib/libutils.a(snprintf.o)
 .debug_abbrev  0x000000000000343b       0xa3 /home/hfut/phytium-pi-os/output/build/phytium-optee-v4.6.0/out/data/link/export-ta_arm64/lib/libutils.a(memcpy.o)
 .debug_abbrev  0x00000000000034de       0xa3 /home/hfut/phytium-pi-os/output/build/phytium-optee-v4.6.0/out/data/link/export-ta_arm64/lib/libutils.a(memmove.o)
 .debug_abbrev  0x0000000000003581       0xa2 /home/hfut/phytium-pi-os/output/build/phytium-optee-v4.6.0/out/data/link/export-ta_arm64/lib/libutils.a(memset.o)
 .debug_abbrev  0x0000000000003623       0x80 /home/hfut/phytium-pi-os/output/build/phytium-optee-v4.6.0/out/data/link/export-ta_arm64/lib/libutils.a(strcmp.o)
 .debug_abbrev  0x00000000000036a3       0x8e /home/hfut/phytium-pi-os/output/build/phytium-optee-v4.6.0/out/data/link/export-ta_arm64/lib/libutils.a(strlcpy.o)
 .debug_abbrev  0x0000000000003731      0x1d8 /home/hfut/phytium-pi-os/output/build/phytium-optee-v4.6.0/out/data/link/export-ta_arm64/lib/libutils.a(mempool.o)
 .debug_abbrev  0x0000000000003909       0x9a /home/hfut/phytium-pi-os/output/build/phytium-optee-v4.6.0/out/data/link/export-ta_arm64/lib/libutils.a(consttime_memcmp.o)

.debug_aranges  0x0000000000000000      0x9e0
 .debug_aranges
                0x0000000000000000       0x30 ./media_crypto_ta.o
 .debug_aranges
                0x0000000000000030       0x30 ./user_ta_header.o
 .debug_aranges
                0x0000000000000060       0x30 /home/hfut/phytium-pi-os/output/build/phytium-optee-v4.6.0/out/data/link/export-ta_arm64/lib/libutils.a(stack_check.o)
 .debug_aranges
                0x0000000000000090       0x30 /home/hfut/phytium-pi-os/output/build/phytium-optee-v4.6.0/out/data/link/export-ta_arm64/lib/libutils.a(trace.o)
 .debug_aranges
                0x00000000000000c0       0x30 /home/hfut/phytium-pi-os/output/build/phytium-optee-v4.6.0/out/data/link/export-ta_arm64/lib/libutils.a(snprintk.o)
 .debug_aranges
                0x00000000000000f0       0x30 /home/hfut/phytium-pi-os/output/build/phytium-optee-v4.6.0/out/data/link/export-ta_arm64/lib/libutils.a(memchr.o)
 .debug_aranges
                0x0000000000000120       0x30 /home/hfut/phytium-pi-os/output/build/phytium-optee-v4.6.0/out/data/link/export-ta_arm64/lib/libutils.a(strlen.o)
 .debug_aranges
                0x0000000000000150       0x30 /home/hfut/phytium-pi-os/output/build/phytium-optee-v4.6.0/out/data/link/export-ta_arm64/lib/libutee.a(trace_ext.o)
 .debug_aranges
                0x0000000000000180       0x30 /home/hfut/phytium-pi-os/output/build/phytium-optee-v4.6.0/out/data/link/export-ta_arm64/lib/libutee.a(tee_api.o)
 .debug_aranges
                0x00000000000001b0       0x30 /home/hfut/phytium-pi-os/output/build/phytium-optee-v4.6.0/out/data/link/export-ta_arm64/lib/libutee.a(tee_api_objects.o)
 .debug_aranges
                0x00000000000001e0       0x30 /home/hfut/phytium-pi-os/output/build/phytium-optee-v4.6.0/out/data/link/export-ta_arm64/lib/libutee.a(tee_api_operations.o)
 .debug_aranges
                0x0000000000000210       0x30 /home/hfut/phytium-pi-os/output/build/phytium-optee-v4.6.0/out/data/link/export-ta_arm64/lib/libutee.a(tee_api_panic.o)
 .debug_aranges
                0x0000000000000240       0x30 /home/hfut/phytium-pi-os/output/build/phytium-optee-v4.6.0/out/data/link/export-ta_arm64/lib/libutee.a(tee_system_pta.o)
 .debug_aranges
                0x0000000000000270       0x30 /home/hfut/phytium-pi-os/output/build/phytium-optee-v4.6.0/out/data/link/export-ta_arm64/lib/libutee.a(user_ta_entry.o)
 .debug_aranges
                0x00000000000002a0      0x3b0 /home/hfut/phytium-pi-os/output/build/phytium-optee-v4.6.0/out/data/link/export-ta_arm64/lib/libutee.a(utee_syscalls_a64.o)
 .debug_aranges
                0x0000000000000650       0x30 /home/hfut/phytium-pi-os/output/build/phytium-optee-v4.6.0/out/data/link/export-ta_arm64/lib/libutee.a(abort.o)
 .debug_aranges
                0x0000000000000680       0x30 /home/hfut/phytium-pi-os/output/build/phytium-optee-v4.6.0/out/data/link/export-ta_arm64/lib/libutee.a(assert.o)
 .debug_aranges
                0x00000000000006b0       0x30 /home/hfut/phytium-pi-os/output/build/phytium-optee-v4.6.0/out/data/link/export-ta_arm64/lib/libutee.a(tee_api_arith_mpi.o)
 .debug_aranges
                0x00000000000006e0       0x30 /home/hfut/phytium-pi-os/output/build/phytium-optee-v4.6.0/out/data/link/export-ta_arm64/lib/libutee.a(tee_api_property.o)
 .debug_aranges
                0x0000000000000710       0x30 /home/hfut/phytium-pi-os/output/build/phytium-optee-v4.6.0/out/data/link/export-ta_arm64/lib/libutee.a(tcb.o)
 .debug_aranges
                0x0000000000000740       0x30 /home/hfut/phytium-pi-os/output/build/phytium-optee-v4.6.0/out/data/link/export-ta_arm64/lib/libutee.a(base64.o)
 .debug_aranges
                0x0000000000000770       0x30 /home/hfut/phytium-pi-os/output/build/phytium-optee-v4.6.0/out/data/link/export-ta_arm64/lib/libmbedtls.a(bignum.o)
 .debug_aranges
                0x00000000000007a0       0x30 /home/hfut/phytium-pi-os/output/build/phytium-optee-v4.6.0/out/data/link/export-ta_arm64/lib/libmbedtls.a(bignum_core.o)
 .debug_aranges
                0x00000000000007d0       0x30 /home/hfut/phytium-pi-os/output/build/phytium-optee-v4.6.0/out/data/link/export-ta_arm64/lib/libmbedtls.a(constant_time.o)
 .debug_aranges
                0x0000000000000800       0x30 /home/hfut/phytium-pi-os/output/build/phytium-optee-v4.6.0/out/data/link/export-ta_arm64/lib/libmbedtls.a(platform_util.o)
 .debug_aranges